###############################################################################
#
# IAR ELF Linker V3.11.1.207 for STM8                     24/Jun/2020  09:15:59
# Copyright 2010-2019 IAR Systems AB.
#
#    Output file  =  E:\NewTestTool\BS031\Debug\Exe\AE006EWP.out
#    Map file     =  E:\NewTestTool\BS031\Debug\List\AE006EWP.map
#    Command line =  
#        -f C:\Users\gxc\AppData\Local\Temp\EW10C8.tmp
#        (E:\NewTestTool\BS031\Debug\Obj\main.o
#        E:\NewTestTool\BS031\Debug\Obj\stm8s_adc1.o
#        E:\NewTestTool\BS031\Debug\Obj\stm8s_clk.o
#        E:\NewTestTool\BS031\Debug\Obj\stm8s_gpio.o
#        E:\NewTestTool\BS031\Debug\Obj\stm8s_it.o
#        E:\NewTestTool\BS031\Debug\Obj\stm8s_itc.o
#        E:\NewTestTool\BS031\Debug\Obj\stm8s_tim4.o --redirect
#        _Printf=_PrintfSmall --redirect _Scanf=_ScanfSmall --no_out_extension
#        -o E:\NewTestTool\BS031\Debug\Exe\AE006EWP.out --map
#        E:\NewTestTool\BS031\Debug\List\AE006EWP.map --config
#        D:\DevKit\IAR_For_STM8\stm8\config\lnkstm8s003f3.icf --config_def
#        _CSTACK_SIZE=0x100 --config_def _HEAP_SIZE=0x100 --entry
#        __iar_program_start --debug_lib)
#
###############################################################################

*******************************************************************************
*** RUNTIME MODEL ATTRIBUTES
***

__SystemLibrary            = DLib
__code_model               = small
__core                     = stm8
__data_model               = medium
__dlib_file_descriptor     = 0
__dlib_full_locale_support = 0
__rt_version               = 4


*******************************************************************************
*** PLACEMENT SUMMARY
***

"A0":  place at start of [0x000000-0x0000ff] { rw section .vregs };
"A1":  place at end of [0x000000-0x0003ff] { block CSTACK };
"P2":  place in [from 0x000000 to 0x0003ff] {
          block HEAP, rw section __DLIB_PERTHREAD, rw section .far.bss,
          rw section .far.data, rw section .far.noinit,
          rw section .far_func.textrw, rw section .huge.bss,
          rw section .huge.data, rw section .huge.noinit,
          rw section .huge_func.textrw, rw section .iar.dynexit,
          rw section .near.bss, rw section .near.data, rw section .near.noinit,
          rw section .near_func.textrw };
"A2":  place at start of [0x008000-0x009fff] { block INTVEC };
"P3":  place in [from 0x008000 to 0x009fff] {
          ro section __DLIB_PERTHREAD_init, ro section .far.data_init,
          ro section .far_func.textrw_init, ro section .huge.data_init,
          ro section .huge_func.textrw_init, ro section .iar.init_table,
          ro section .init_array, ro section .near.data_init,
          ro section .near.rodata, ro section .near_func.text,
          ro section .near_func.textrw_init, ro section .tiny.data_init,
          ro section .tiny.rodata_init };
"P4":  place in [from 0x008000 to 0x009fff] {
          ro section .far.rodata, ro section .far_func.text };
"P5":  place in [from 0x008000 to 0x009fff] {
          ro section .huge.rodata, ro section .huge_func.text };
do not initialize {
   rw section .eeprom.noinit, rw section .far.noinit, rw section .huge.noinit,
   rw section .near.noinit, rw section .tiny.noinit, rw section .vregs };

No sections matched the following patterns:

  ro section .far.data_init          in "P3-P5"
  ro section .far.rodata             in "P3-P5"
  ro section .far_func.text          in "P3-P5"
  ro section .far_func.textrw_init   in "P3-P5"
  ro section .huge.data_init         in "P3-P5"
  ro section .huge.rodata            in "P3-P5"
  ro section .huge_func.text         in "P3-P5"
  ro section .huge_func.textrw_init  in "P3-P5"
  ro section .iar.init_table         in "P3-P5"
  ro section .init_array             in "P3-P5"
  ro section .near.data_init         in "P3-P5"
  ro section .near.rodata            in "P3-P5"
  ro section .near_func.textrw_init  in "P3-P5"
  ro section .tiny.data_init         in "P3-P5"
  ro section .tiny.rodata_init       in "P3-P5"
  ro section __DLIB_PERTHREAD_init   in "P3-P5"
  rw section .far.bss                in "P2"
  rw section .far.data               in "P2"
  rw section .far.noinit             in "P2"
  rw section .far_func.textrw        in "P2"
  rw section .huge.bss               in "P2"
  rw section .huge.data              in "P2"
  rw section .huge.noinit            in "P2"
  rw section .huge_func.textrw       in "P2"
  rw section .iar.dynexit            in "P2"
  rw section .near.data              in "P2"
  rw section .near.noinit            in "P2"
  rw section .near_func.textrw       in "P2"
  rw section .tiny.bss               in "P1"
  rw section .tiny.data              in "P1"
  rw section .tiny.noinit            in "P1"
  rw section .tiny.rodata            in "P1"
  rw section __DLIB_PERTHREAD        in "P2"
  section .eeprom.data               in "P6-P8"
  section .eeprom.noinit             in "P6-P8"
  section .eeprom.rodata             in "P6-P8"


  Section          Kind      Address   Size  Object
  -------          ----      -------   ----  ------
"A0":                                  0x10
  .vregs           uninit   0x000000   0x10  vregs.o [4]
                          - 0x000010   0x10

"P2":                                   0x2
  .near.bss        zero     0x000010    0x2  main.o [1]
                          - 0x000012    0x2

"A1":                                 0x100
  CSTACK                    0x000300  0x100  <Block>
    CSTACK         uninit   0x000300  0x100  <Block tail>
                          - 0x000400  0x100

"A2":                                  0x80
  INTVEC                    0x008000   0x80  <Block>
    .intvec        const    0x008000   0x80  interrupt.o [4]
                          - 0x008080   0x80

"P3-P5":                              0xa1f
  .near_func.text  ro code  0x008080  0x30d  main.o [1]
  .near_func.text  ro code  0x00838d   0x9e  vreg_util.o [4]
  .near_func.text  ro code  0x00842b   0x9b  long.o [4]
  .near_func.text  ro code  0x0084c6   0x8e  stm8s_gpio.o [1]
  .near_func.text  ro code  0x008554   0x83  stm8s_adc1.o [1]
  .near_func.text  ro code  0x0085d7   0x6d  main.o [1]
  .near_func.text  ro code  0x008644   0x5b  stm8s_clk.o [1]
  .near_func.text  ro code  0x00869f   0x55  stm8s_adc1.o [1]
  .near_func.text  ro code  0x0086f4   0x55  stm8s_adc1.o [1]
  .near_func.text  ro code  0x008749   0x54  stm8s_adc1.o [1]
  .near_func.text  ro code  0x00879d   0x45  main.o [1]
  .near_func.text  ro code  0x0087e2   0x3b  stm8s_adc1.o [1]
  .near_func.text  ro code  0x00881d   0x3a  main.o [1]
  .near_func.text  ro code  0x008857   0x33  main.o [1]
  .near_func.text  ro code  0x00888a   0x31  stm8s_clk.o [1]
  .near_func.text  ro code  0x0088bb   0x2f  stm8s_adc1.o [1]
  .near_func.text  ro code  0x0088ea   0x21  stm8s_adc1.o [1]
  .iar.init_table  const    0x00890b    0x8  - Linker created -
  .near_func.text  ro code  0x008913   0x20  main.o [1]
  .near_func.text  ro code  0x008933   0x1f  stm8s_it.o [1]
  .near_func.text  ro code  0x008952   0x1e  init_small.o [4]
  .near_func.text  ro code  0x008970   0x1a  stm8s_tim4.o [1]
  .near_func.text  ro code  0x00898a   0x19  main.o [1]
  .near_func.text  ro code  0x0089a3   0x17  main.o [1]
  .near_func.text  ro code  0x0089ba   0x14  init.o [4]
  .near_func.text  ro code  0x0089ce   0x14  __dbg_xxexit.o [3]
  .near_func.text  ro code  0x0089e2   0x13  stm8s_adc1.o [1]
  .near_func.text  ro code  0x0089f5   0x13  cstartup.o [4]
  .near_func.text  ro code  0x008a08    0xf  short.o [4]
  .near_func.text  ro code  0x008a17    0xe  stm8s_adc1.o [1]
  .near_func.text  ro code  0x008a25    0xe  stm8s_tim4.o [1]
  .near_func.text  ro code  0x008a33    0xd  stm8s_tim4.o [1]
  .near_func.text  ro code  0x008a40    0xb  dc_util.o [4]
  .near_func.text  ro code  0x008a4b    0x9  stm8s_tim4.o [1]
  .near_func.text  ro code  0x008a54    0x8  stm8s_gpio.o [1]
  .near_func.text  ro code  0x008a5c    0x7  stm8s_gpio.o [1]
  .near_func.text  ro code  0x008a63    0x7  stm8s_gpio.o [1]
  .near_func.text  ro code  0x008a6a    0x7  stm8s_gpio.o [1]
  .near_func.text  ro code  0x008a71    0x5  stm8s_adc1.o [1]
  .near_func.text  ro code  0x008a76    0x5  cexit.o [4]
  .near_func.text  ro code  0x008a7b    0x4  stm8s_tim4.o [1]
  .near_func.text  ro code  0x008a7f    0x3  interrupt.o [4]
  .near_func.text  ro code  0x008a82    0x3  low_level_init.o [4]
  .near_func.text  ro code  0x008a85    0x3  exit.o [4]
  .near_func.text  ro code  0x008a88    0x3  unhandled_exception.o [4]
  .near_func.text  ro code  0x008a8b    0x1  stm8s_it.o [1]
  .near_func.text  ro code  0x008a8c    0x1  stm8s_it.o [1]
  .near_func.text  ro code  0x008a8d    0x1  stm8s_it.o [1]
  .near_func.text  ro code  0x008a8e    0x1  stm8s_it.o [1]
  .near_func.text  ro code  0x008a8f    0x1  stm8s_it.o [1]
  .near_func.text  ro code  0x008a90    0x1  stm8s_it.o [1]
  .near_func.text  ro code  0x008a91    0x1  stm8s_it.o [1]
  .near_func.text  ro code  0x008a92    0x1  stm8s_it.o [1]
  .near_func.text  ro code  0x008a93    0x1  stm8s_it.o [1]
  .near_func.text  ro code  0x008a94    0x1  stm8s_it.o [1]
  .near_func.text  ro code  0x008a95    0x1  stm8s_it.o [1]
  .near_func.text  ro code  0x008a96    0x1  stm8s_it.o [1]
  .near_func.text  ro code  0x008a97    0x1  stm8s_it.o [1]
  .near_func.text  ro code  0x008a98    0x1  stm8s_it.o [1]
  .near_func.text  ro code  0x008a99    0x1  stm8s_it.o [1]
  .near_func.text  ro code  0x008a9a    0x1  stm8s_it.o [1]
  .near_func.text  ro code  0x008a9b    0x1  stm8s_it.o [1]
  .near_func.text  ro code  0x008a9c    0x1  stm8s_it.o [1]
  .near_func.text  ro code  0x008a9d    0x1  stm8s_it.o [1]
  .near_func.text  ro code  0x008a9e    0x1  __dbg_break.o [3]
                          - 0x008a9f  0xa1f


*******************************************************************************
*** INIT TABLE
***

          Address   Size
          -------   ----
Zero (__iar_zero_init2)
    1 destination range, total size 0x2:
          0x000010   0x2



*******************************************************************************
*** MODULE SUMMARY
***

    Module                 ro code  ro data  rw data
    ------                 -------  -------  -------
E:\NewTestTool\BS031\Debug\Obj: [1]
    main.o                   1 148                 2
    stm8s_adc1.o               562
    stm8s_clk.o                140
    stm8s_gpio.o               171
    stm8s_it.o                  50
    stm8s_tim4.o                66
    ------------------------------------------------
    Total:                   2 137                 2

command line: [2]
    ------------------------------------------------
    Total:

dbgstm8smd.a: [3]
    __dbg_break.o                1
    __dbg_xxexit.o              20
    ------------------------------------------------
    Total:                      21

dlstm8smn.a: [4]
    cexit.o                      5
    cstartup.o                  19
    dc_util.o                   11
    exit.o                       3
    init.o                      20
    init_small.o                30
    interrupt.o                  3      128
    long.o                     155
    low_level_init.o             3
    short.o                     15
    unhandled_exception.o        3
    vreg_util.o                158
    vregs.o                                       16
    ------------------------------------------------
    Total:                     425      128       16

    Linker created                        8      256
----------------------------------------------------
    Grand Total:             2 583      136      274


*******************************************************************************
*** ENTRY LIST
***

Entry                    Address   Size  Type      Object
-----                    -------   ----  ----      ------
.iar.init_table$$Base   0x00890b          --   Gb  - Linker created -
.iar.init_table$$Limit  0x008913          --   Gb  - Linker created -
?b0                     0x000000         Data  Gb  vregs.o [4]
?b1                     0x000001         Data  Gb  vregs.o [4]
?b10                    0x00000a         Data  Gb  vregs.o [4]
?b11                    0x00000b         Data  Gb  vregs.o [4]
?b12                    0x00000c         Data  Gb  vregs.o [4]
?b13                    0x00000d         Data  Gb  vregs.o [4]
?b14                    0x00000e         Data  Gb  vregs.o [4]
?b15                    0x00000f         Data  Gb  vregs.o [4]
?b2                     0x000002         Data  Gb  vregs.o [4]
?b3                     0x000003         Data  Gb  vregs.o [4]
?b4                     0x000004         Data  Gb  vregs.o [4]
?b5                     0x000005         Data  Gb  vregs.o [4]
?b6                     0x000006         Data  Gb  vregs.o [4]
?b7                     0x000007         Data  Gb  vregs.o [4]
?b8                     0x000008         Data  Gb  vregs.o [4]
?b9                     0x000009         Data  Gb  vregs.o [4]
?dc32_px                0x008a40         Code  Gb  dc_util.o [4]
?e0                     0x000001         Data  Gb  vregs.o [4]
?e1                     0x000005         Data  Gb  vregs.o [4]
?e2                     0x000009         Data  Gb  vregs.o [4]
?e3                     0x00000d         Data  Gb  vregs.o [4]
?epilogue_l2            0x008409         Code  Gb  vreg_util.o [4]
?epilogue_w4            0x00840d         Code  Gb  vreg_util.o [4]
?l0                     0x000000         Data  Gb  vregs.o [4]
?l1                     0x000004         Data  Gb  vregs.o [4]
?l2                     0x000008         Data  Gb  vregs.o [4]
?l3                     0x00000c         Data  Gb  vregs.o [4]
?mov_e0_e2              0x008414         Code  Gb  vreg_util.o [4]
?mov_e2_e0              0x008421         Code  Gb  vreg_util.o [4]
?mov_l0_l2              0x008411         Code  Gb  vreg_util.o [4]
?mov_l2_l0              0x00841e         Code  Gb  vreg_util.o [4]
?mov_w1_w5              0x008417         Code  Gb  vreg_util.o [4]
?mov_w5_w1              0x008424         Code  Gb  vreg_util.o [4]
?mul32_l0_l0_0x         0x00842e         Code  Gb  long.o [4]
?mul32_l0_l0_dl         0x00842b         Code  Gb  long.o [4]
?mul32_l0_l0_l1         0x008437         Code  Gb  long.o [4]
?pop_l0                 0x0083e0         Code  Gb  vreg_util.o [4]
?pop_l1                 0x0083eb         Code  Gb  vreg_util.o [4]
?pop_l2                 0x0083f6         Code  Gb  vreg_util.o [4]
?pop_w4                 0x0083a5         Code  Gb  vreg_util.o [4]
?push_l0                0x0083b4         Code  Gb  vreg_util.o [4]
?push_l1                0x0083b9         Code  Gb  vreg_util.o [4]
?push_l2                0x0083be         Code  Gb  vreg_util.o [4]
?push_w4                0x00838d         Code  Gb  vreg_util.o [4]
?sll16_x_x_4            0x008a12         Code  Gb  short.o [4]
?sll16_x_x_5            0x008a11         Code  Gb  short.o [4]
?sll16_x_x_6            0x008a10         Code  Gb  short.o [4]
?sll16_x_x_a            0x008a08         Code  Gb  short.o [4]
?srl32_0x_0x_a          0x0084b8         Code  Gb  long.o [4]
?srl32_l0_l0_a          0x0084b5         Code  Gb  long.o [4]
?w0                     0x000000         Data  Gb  vregs.o [4]
?w1                     0x000002         Data  Gb  vregs.o [4]
?w2                     0x000004         Data  Gb  vregs.o [4]
?w3                     0x000006         Data  Gb  vregs.o [4]
?w4                     0x000008         Data  Gb  vregs.o [4]
?w5                     0x00000a         Data  Gb  vregs.o [4]
?w6                     0x00000c         Data  Gb  vregs.o [4]
?w7                     0x00000e         Data  Gb  vregs.o [4]
ADC1_ClearFlag          0x008749   0x54  Code  Gb  stm8s_adc1.o [1]
ADC1_Cmd                0x008a17    0xe  Code  Gb  stm8s_adc1.o [1]
ADC1_ConversionConfig   0x0088bb   0x2f  Code  Gb  stm8s_adc1.o [1]
ADC1_ExternalTriggerConfig
                        0x0088ea   0x21  Code  Gb  stm8s_adc1.o [1]
ADC1_GetConversionValue
                        0x00869f   0x55  Code  Gb  stm8s_adc1.o [1]
ADC1_GetFlagStatus      0x0086f4   0x55  Code  Gb  stm8s_adc1.o [1]
ADC1_IRQHandler         0x008a9c    0x1  Code  Gb  stm8s_it.o [1]
ADC1_Init               0x0087e2   0x3b  Code  Gb  stm8s_adc1.o [1]
ADC1_PrescalerConfig    0x0089e2   0x13  Code  Gb  stm8s_adc1.o [1]
ADC1_SchmittTriggerConfig
                        0x008554   0x83  Code  Gb  stm8s_adc1.o [1]
ADC1_StartConversion    0x008a71    0x5  Code  Gb  stm8s_adc1.o [1]
ADC_Init                0x00881d   0x3a  Code  Lc  main.o [1]
AWU_IRQHandler          0x008a8d    0x1  Code  Gb  stm8s_it.o [1]
BeepFlash               0x008857   0x33  Code  Lc  main.o [1]
CLK_Config              0x0089a3   0x17  Code  Lc  main.o [1]
CLK_IRQHandler          0x008a8e    0x1  Code  Gb  stm8s_it.o [1]
CLK_PeripheralClockConfig
                        0x008644   0x5b  Code  Gb  stm8s_clk.o [1]
CLK_SYSCLKConfig        0x00888a   0x31  Code  Gb  stm8s_clk.o [1]
CSTACK$$Base            0x000300          --   Gb  - Linker created -
CSTACK$$Limit           0x000400          --   Gb  - Linker created -
DelayMs                 0x008913   0x20  Code  Lc  main.o [1]
DelayTimes              0x000010    0x2  Data  Gb  main.o [1]
EEPROM_EEC_IRQHandler   0x008a9d    0x1  Code  Gb  stm8s_it.o [1]
EXTI_PORTA_IRQHandler   0x008a8f    0x1  Code  Gb  stm8s_it.o [1]
EXTI_PORTB_IRQHandler   0x008a90    0x1  Code  Gb  stm8s_it.o [1]
EXTI_PORTC_IRQHandler   0x008a91    0x1  Code  Gb  stm8s_it.o [1]
EXTI_PORTD_IRQHandler   0x008a92    0x1  Code  Gb  stm8s_it.o [1]
EXTI_PORTE_IRQHandler   0x008a93    0x1  Code  Gb  stm8s_it.o [1]
GPIO_Conf               0x0085d7   0x6d  Code  Lc  main.o [1]
GPIO_Init               0x0084c6   0x8e  Code  Gb  stm8s_gpio.o [1]
GPIO_ReadInputPin       0x008a6a    0x7  Code  Gb  stm8s_gpio.o [1]
GPIO_WriteHigh          0x008a5c    0x7  Code  Gb  stm8s_gpio.o [1]
GPIO_WriteLow           0x008a54    0x8  Code  Gb  stm8s_gpio.o [1]
GPIO_WriteReverse       0x008a63    0x7  Code  Gb  stm8s_gpio.o [1]
I2C_IRQHandler          0x008a9b    0x1  Code  Gb  stm8s_it.o [1]
INTVEC$$Base            0x008000          --   Gb  - Linker created -
INTVEC$$Limit           0x008080          --   Gb  - Linker created -
ReadADCValue            0x00879d   0x45  Code  Lc  main.o [1]
Region$$Table$$Base     0x00890b          --   Gb  - Linker created -
Region$$Table$$Limit    0x008913          --   Gb  - Linker created -
SPI_IRQHandler          0x008a94    0x1  Code  Gb  stm8s_it.o [1]
TIM1_CAP_COM_IRQHandler
                        0x008a96    0x1  Code  Gb  stm8s_it.o [1]
TIM1_UPD_OVF_TRG_BRK_IRQHandler
                        0x008a95    0x1  Code  Gb  stm8s_it.o [1]
TIM2_CAP_COM_IRQHandler
                        0x008a98    0x1  Code  Gb  stm8s_it.o [1]
TIM2_UPD_OVF_BRK_IRQHandler
                        0x008a97    0x1  Code  Gb  stm8s_it.o [1]
TIM4_ClearFlag          0x008a4b    0x9  Code  Gb  stm8s_tim4.o [1]
TIM4_Cmd                0x008a25    0xe  Code  Gb  stm8s_tim4.o [1]
TIM4_INI                0x00898a   0x19  Code  Lc  main.o [1]
TIM4_ITConfig           0x008970   0x1a  Code  Gb  stm8s_tim4.o [1]
TIM4_SetCounter         0x008a7b    0x4  Code  Gb  stm8s_tim4.o [1]
TIM4_TimeBaseInit       0x008a33    0xd  Code  Gb  stm8s_tim4.o [1]
TIM4_UPD_OVF_IRQHandler
                        0x008933   0x1f  Code  Gb  stm8s_it.o [1]
TLI_IRQHandler          0x008a8c    0x1  Code  Gb  stm8s_it.o [1]
TRAP_IRQHandler         0x008a8b    0x1  Code  Gb  stm8s_it.o [1]
UART1_RX_IRQHandler     0x008a9a    0x1  Code  Gb  stm8s_it.o [1]
UART1_TX_IRQHandler     0x008a99    0x1  Code  Gb  stm8s_it.o [1]
__DebugBreak            0x008a9e    0x1  Code  Gb  __dbg_break.o [3]
__exit                  0x0089ce   0x14  Code  Gb  __dbg_xxexit.o [3]
__iar_data_init2        0x0089ba   0x14  Code  Gb  init.o [4]
__iar_program_start     0x0089f5         Code  Gb  cstartup.o [4]
__iar_unhandled_exception
                        0x008a88         Code  Gb  unhandled_exception.o [4]
__iar_zero_init2        0x008952         Code  Gb  init_small.o [4]
__intvec                0x008000         Data  Gb  interrupt.o [4]
__low_level_init        0x008a82    0x3  Code  Gb  low_level_init.o [4]
_exit                   0x008a76         Code  Gb  cexit.o [4]
_interrupt_1            0x008a8b         Code  Gb  stm8s_it.o [1]
_interrupt_12           0x008a94         Code  Gb  stm8s_it.o [1]
_interrupt_13           0x008a95         Code  Gb  stm8s_it.o [1]
_interrupt_14           0x008a96         Code  Gb  stm8s_it.o [1]
_interrupt_15           0x008a97         Code  Gb  stm8s_it.o [1]
_interrupt_16           0x008a98         Code  Gb  stm8s_it.o [1]
_interrupt_19           0x008a99         Code  Gb  stm8s_it.o [1]
_interrupt_2            0x008a8c         Code  Gb  stm8s_it.o [1]
_interrupt_20           0x008a9a         Code  Gb  stm8s_it.o [1]
_interrupt_21           0x008a9b         Code  Gb  stm8s_it.o [1]
_interrupt_24           0x008a9c         Code  Gb  stm8s_it.o [1]
_interrupt_25           0x008933         Code  Gb  stm8s_it.o [1]
_interrupt_26           0x008a9d         Code  Gb  stm8s_it.o [1]
_interrupt_3            0x008a8d         Code  Gb  stm8s_it.o [1]
_interrupt_4            0x008a8e         Code  Gb  stm8s_it.o [1]
_interrupt_5            0x008a8f         Code  Gb  stm8s_it.o [1]
_interrupt_6            0x008a90         Code  Gb  stm8s_it.o [1]
_interrupt_7            0x008a91         Code  Gb  stm8s_it.o [1]
_interrupt_8            0x008a92         Code  Gb  stm8s_it.o [1]
_interrupt_9            0x008a93         Code  Gb  stm8s_it.o [1]
exit                    0x008a85    0x3  Code  Gb  exit.o [4]
main                    0x008080  0x30d  Code  Gb  main.o [1]


[1] = E:\NewTestTool\BS031\Debug\Obj
[2] = command line
[3] = dbgstm8smd.a
[4] = dlstm8smn.a

  2 583 bytes of readonly  code memory
    136 bytes of readonly  data memory
    274 bytes of readwrite data memory

Errors: none
Warnings: none
