Component: ARM Compiler 6.14 Tool: armlink [5db06800]

==============================================================================

Section Cross References

    startup_stm32f103xe.o(RESET) refers to startup_stm32f103xe.o(STACK) for __initial_sp
    startup_stm32f103xe.o(RESET) refers to startup_stm32f103xe.o(.text) for Reset_Handler
    startup_stm32f103xe.o(RESET) refers to stm32f1xx_it.o(.text.NMI_Handler) for NMI_Handler
    startup_stm32f103xe.o(RESET) refers to stm32f1xx_it.o(.text.HardFault_Handler) for HardFault_Handler
    startup_stm32f103xe.o(RESET) refers to stm32f1xx_it.o(.text.MemManage_Handler) for MemManage_Handler
    startup_stm32f103xe.o(RESET) refers to stm32f1xx_it.o(.text.BusFault_Handler) for BusFault_Handler
    startup_stm32f103xe.o(RESET) refers to stm32f1xx_it.o(.text.UsageFault_Handler) for UsageFault_Handler
    startup_stm32f103xe.o(RESET) refers to stm32f1xx_it.o(.text.SVC_Handler) for SVC_Handler
    startup_stm32f103xe.o(RESET) refers to stm32f1xx_it.o(.text.DebugMon_Handler) for DebugMon_Handler
    startup_stm32f103xe.o(RESET) refers to tx_thread_schedule.o(.text) for PendSV_Handler
    startup_stm32f103xe.o(RESET) refers to tx_initialize_low_level_sample.o(.text) for SysTick_Handler
    startup_stm32f103xe.o(RESET) refers to stm32f1xx_it.o(.text.DMA1_Channel5_IRQHandler) for DMA1_Channel5_IRQHandler
    startup_stm32f103xe.o(RESET) refers to stm32f1xx_it.o(.text.USART1_IRQHandler) for USART1_IRQHandler
    startup_stm32f103xe.o(.text) refers to system_stm32f1xx.o(.text.SystemInit) for SystemInit
    startup_stm32f103xe.o(.text) refers to entry.o(.ARM.Collect$$$$00000000) for __main
    main.o(.text.my_thread1_entry) refers to puts.o(i.puts) for puts
    main.o(.text.my_thread1_entry) refers to tx_thread_sleep.o(.text._tx_thread_sleep) for _tx_thread_sleep
    main.o(.ARM.exidx.text.my_thread1_entry) refers to main.o(.text.my_thread1_entry) for [Anonymous Symbol]
    main.o(.text.my_thread2_entry) refers to puts.o(i.puts) for puts
    main.o(.text.my_thread2_entry) refers to tx_thread_sleep.o(.text._tx_thread_sleep) for _tx_thread_sleep
    main.o(.ARM.exidx.text.my_thread2_entry) refers to main.o(.text.my_thread2_entry) for [Anonymous Symbol]
    main.o(.text.tx_application_define) refers to main.o(.bss.my_thread1) for my_thread1
    main.o(.text.tx_application_define) refers to main.o(.text.my_thread1_entry) for my_thread1_entry
    main.o(.text.tx_application_define) refers to txe_thread_create.o(.text._txe_thread_create) for _txe_thread_create
    main.o(.text.tx_application_define) refers to main.o(.bss.my_thread2) for my_thread2
    main.o(.text.tx_application_define) refers to main.o(.text.my_thread2_entry) for my_thread2_entry
    main.o(.ARM.exidx.text.tx_application_define) refers to main.o(.text.tx_application_define) for [Anonymous Symbol]
    main.o(.text.main) refers to stm32f1xx_hal.o(.text.HAL_Init) for HAL_Init
    main.o(.text.main) refers to main.o(.text.SystemClock_Config) for SystemClock_Config
    main.o(.text.main) refers to gpio.o(.text.MX_GPIO_Init) for MX_GPIO_Init
    main.o(.text.main) refers to dma.o(.text.MX_DMA_Init) for MX_DMA_Init
    main.o(.text.main) refers to adc.o(.text.MX_ADC1_Init) for MX_ADC1_Init
    main.o(.text.main) refers to usart.o(.text.MX_USART1_UART_Init) for MX_USART1_UART_Init
    main.o(.text.main) refers to tx_initialize_kernel_enter.o(.text._tx_initialize_kernel_enter) for _tx_initialize_kernel_enter
    main.o(.ARM.exidx.text.main) refers to main.o(.text.main) for [Anonymous Symbol]
    main.o(.text.SystemClock_Config) refers to memseta.o(.text) for __aeabi_memclr4
    main.o(.text.SystemClock_Config) refers to stm32f1xx_hal_rcc.o(.text.HAL_RCC_OscConfig) for HAL_RCC_OscConfig
    main.o(.text.SystemClock_Config) refers to stm32f1xx_hal_rcc.o(.text.HAL_RCC_ClockConfig) for HAL_RCC_ClockConfig
    main.o(.text.SystemClock_Config) refers to stm32f1xx_hal_rcc_ex.o(.text.HAL_RCCEx_PeriphCLKConfig) for HAL_RCCEx_PeriphCLKConfig
    main.o(.ARM.exidx.text.SystemClock_Config) refers to main.o(.text.SystemClock_Config) for [Anonymous Symbol]
    main.o(.ARM.exidx.text.Error_Handler) refers to main.o(.text.Error_Handler) for [Anonymous Symbol]
    gpio.o(.text.MX_GPIO_Init) refers to stm32f1xx_hal_gpio.o(.text.HAL_GPIO_WritePin) for HAL_GPIO_WritePin
    gpio.o(.text.MX_GPIO_Init) refers to stm32f1xx_hal_gpio.o(.text.HAL_GPIO_Init) for HAL_GPIO_Init
    gpio.o(.ARM.exidx.text.MX_GPIO_Init) refers to gpio.o(.text.MX_GPIO_Init) for [Anonymous Symbol]
    adc.o(.text.MX_ADC1_Init) refers to adc.o(.bss.hadc1) for hadc1
    adc.o(.text.MX_ADC1_Init) refers to stm32f1xx_hal_adc.o(.text.HAL_ADC_Init) for HAL_ADC_Init
    adc.o(.text.MX_ADC1_Init) refers to main.o(.text.Error_Handler) for Error_Handler
    adc.o(.text.MX_ADC1_Init) refers to stm32f1xx_hal_adc.o(.text.HAL_ADC_ConfigChannel) for HAL_ADC_ConfigChannel
    adc.o(.ARM.exidx.text.MX_ADC1_Init) refers to adc.o(.text.MX_ADC1_Init) for [Anonymous Symbol]
[...]
    ../clib/microlib/init/entry.s            0x00000000   Number         0  entry8b.o ABSOLUTE
    ../clib/microlib/init/entry.s            0x00000000   Number         0  entry9a.o ABSOLUTE
    ../clib/microlib/init/entry.s            0x00000000   Number         0  entry9b.o ABSOLUTE
    ../clib/microlib/init/entry.s            0x00000000   Number         0  entry10a.o ABSOLUTE
    ../clib/microlib/init/entry.s            0x00000000   Number         0  entry10b.o ABSOLUTE
    ../clib/microlib/init/entry.s            0x00000000   Number         0  entry11a.o ABSOLUTE
    ../clib/microlib/init/entry.s            0x00000000   Number         0  entry11b.o ABSOLUTE
    ../clib/microlib/stdio/fputc.c           0x00000000   Number         0  fputc.o ABSOLUTE
    ../clib/microlib/stdio/fputc.c           0x00000000   Number         0  fputc_h.o ABSOLUTE
    ../clib/microlib/stdio/puts.c            0x00000000   Number         0  puts.o ABSOLUTE
    ../clib/microlib/stdio/puts.c            0x00000000   Number         0  puts_e.o ABSOLUTE
    ../clib/microlib/stdio/semi.s            0x00000000   Number         0  semi.o ABSOLUTE
    ../clib/microlib/stdio/streams.c         0x00000000   Number         0  stdout.o ABSOLUTE
    ../clib/microlib/string/memset.c         0x00000000   Number         0  memseta.o ABSOLUTE
    ../clib/microlib/stubs.s                 0x00000000   Number         0  iusesemip.o ABSOLUTE
    adc.c                                    0x00000000   Number         0  adc.o ABSOLUTE
    dc.s                                     0x00000000   Number         0  dc.o ABSOLUTE
    dma.c                                    0x00000000   Number         0  dma.o ABSOLUTE
    gpio.c                                   0x00000000   Number         0  gpio.o ABSOLUTE
    handlers.s                               0x00000000   Number         0  handlers.o ABSOLUTE
    init.s                                   0x00000000   Number         0  init.o ABSOLUTE
    main.c                                   0x00000000   Number         0  main.o ABSOLUTE
    startup_stm32f103xe.s                    0x00000000   Number         0  startup_stm32f103xe.o ABSOLUTE
    stm32f1xx_hal.c                          0x00000000   Number         0  stm32f1xx_hal.o ABSOLUTE
    stm32f1xx_hal_adc.c                      0x00000000   Number         0  stm32f1xx_hal_adc.o ABSOLUTE
    stm32f1xx_hal_adc_ex.c                   0x00000000   Number         0  stm32f1xx_hal_adc_ex.o ABSOLUTE
    stm32f1xx_hal_cortex.c                   0x00000000   Number         0  stm32f1xx_hal_cortex.o ABSOLUTE
    stm32f1xx_hal_dma.c                      0x00000000   Number         0  stm32f1xx_hal_dma.o ABSOLUTE
    stm32f1xx_hal_exti.c                     0x00000000   Number         0  stm32f1xx_hal_exti.o ABSOLUTE
    stm32f1xx_hal_flash.c                    0x00000000   Number         0  stm32f1xx_hal_flash.o ABSOLUTE
    stm32f1xx_hal_flash_ex.c                 0x00000000   Number         0  stm32f1xx_hal_flash_ex.o ABSOLUTE
    stm32f1xx_hal_gpio.c                     0x00000000   Number         0  stm32f1xx_hal_gpio.o ABSOLUTE
    stm32f1xx_hal_gpio_ex.c                  0x00000000   Number         0  stm32f1xx_hal_gpio_ex.o ABSOLUTE
    stm32f1xx_hal_msp.c                      0x00000000   Number         0  stm32f1xx_hal_msp.o ABSOLUTE
    stm32f1xx_hal_pwr.c                      0x00000000   Number         0  stm32f1xx_hal_pwr.o ABSOLUTE
    stm32f1xx_hal_rcc.c                      0x00000000   Number         0  stm32f1xx_hal_rcc.o ABSOLUTE
    stm32f1xx_hal_rcc_ex.c                   0x00000000   Number         0  stm32f1xx_hal_rcc_ex.o ABSOLUTE
    stm32f1xx_hal_tim.c                      0x00000000   Number         0  stm32f1xx_hal_tim.o ABSOLUTE
    stm32f1xx_hal_tim_ex.c                   0x00000000   Number         0  stm32f1xx_hal_tim_ex.o ABSOLUTE
    stm32f1xx_hal_uart.c                     0x00000000   Number         0  stm32f1xx_hal_uart.o ABSOLUTE
    stm32f1xx_it.c                           0x00000000   Number         0  stm32f1xx_it.o ABSOLUTE
    system_stm32f1xx.c                       0x00000000   Number         0  system_stm32f1xx.o ABSOLUTE
    tx_block_allocate.c                      0x00000000   Number         0  tx_block_allocate.o ABSOLUTE
    tx_block_pool_cleanup.c                  0x00000000   Number         0  tx_block_pool_cleanup.o ABSOLUTE
    tx_block_pool_create.c                   0x00000000   Number         0  tx_block_pool_create.o ABSOLUTE
    tx_block_pool_delete.c                   0x00000000   Number         0  tx_block_pool_delete.o ABSOLUTE
    tx_block_pool_info_get.c                 0x00000000   Number         0  tx_block_pool_info_get.o ABSOLUTE
    tx_block_pool_initialize.c               0x00000000   Number         0  tx_block_pool_initialize.o ABSOLUTE
    tx_block_pool_performance_info_get.c     0x00000000   Number         0  tx_block_pool_performance_info_get.o ABSOLUTE
    tx_block_pool_performance_system_info_get.c 0x00000000   Number         0  tx_block_pool_performance_system_info_get.o ABSOLUTE
    tx_block_pool_prioritize.c               0x00000000   Number         0  tx_block_pool_prioritize.o ABSOLUTE
    tx_block_release.c                       0x00000000   Number         0  tx_block_release.o ABSOLUTE
    tx_byte_allocate.c                       0x00000000   Number         0  tx_byte_allocate.o ABSOLUTE
    tx_byte_pool_cleanup.c                   0x00000000   Number         0  tx_byte_pool_cleanup.o ABSOLUTE
    tx_byte_pool_create.c                    0x00000000   Number         0  tx_byte_pool_create.o ABSOLUTE
    tx_byte_pool_delete.c                    0x00000000   Number         0  tx_byte_pool_delete.o ABSOLUTE
    tx_byte_pool_info_get.c                  0x00000000   Number         0  tx_byte_pool_info_get.o ABSOLUTE
    tx_byte_pool_initialize.c                0x00000000   Number         0  tx_byte_pool_initialize.o ABSOLUTE
    tx_byte_pool_performance_info_get.c      0x00000000   Number         0  tx_byte_pool_performance_info_get.o ABSOLUTE
    tx_byte_pool_performance_system_info_get.c 0x00000000   Number         0  tx_byte_pool_performance_system_info_get.o ABSOLUTE
    tx_byte_pool_prioritize.c                0x00000000   Number         0  tx_byte_pool_prioritize.o ABSOLUTE
    tx_byte_pool_search.c                    0x00000000   Number         0  tx_byte_pool_search.o ABSOLUTE
    tx_byte_release.c                        0x00000000   Number         0  tx_byte_release.o ABSOLUTE
    tx_event_flags_cleanup.c                 0x00000000   Number         0  tx_event_flags_cleanup.o ABSOLUTE
    tx_event_flags_create.c                  0x00000000   Number         0  tx_event_flags_create.o ABSOLUTE
    tx_event_flags_delete.c                  0x00000000   Number         0  tx_event_flags_delete.o ABSOLUTE
    tx_event_flags_get.c                     0x00000000   Number         0  tx_event_flags_get.o ABSOLUTE
    tx_event_flags_info_get.c                0x00000000   Number         0  tx_event_flags_info_get.o ABSOLUTE
    tx_event_flags_initialize.c              0x00000000   Number         0  tx_event_flags_initialize.o ABSOLUTE
    tx_event_flags_performance_info_get.c    0x00000000   Number         0  tx_event_flags_performance_info_get.o ABSOLUTE
    tx_event_flags_performance_system_info_get.c 0x00000000   Number         0  tx_event_flags_performance_system_info_get.o ABSOLUTE
    tx_event_flags_set.c                     0x00000000   Number         0  tx_event_flags_set.o ABSOLUTE
    tx_event_flags_set_notify.c              0x00000000   Number         0  tx_event_flags_set_notify.o ABSOLUTE
    tx_initialize_high_level.c               0x00000000   Number         0  tx_initialize_high_level.o ABSOLUTE
    tx_initialize_kernel_enter.c             0x00000000   Number         0  tx_initialize_kernel_enter.o ABSOLUTE
    tx_initialize_kernel_setup.c             0x00000000   Number         0  tx_initialize_kernel_setup.o ABSOLUTE
    tx_misra.c                               0x00000000   Number         0  tx_misra.o ABSOLUTE
    tx_mutex_cleanup.c                       0x00000000   Number         0  tx_mutex_cleanup.o ABSOLUTE
    tx_mutex_create.c                        0x00000000   Number         0  tx_mutex_create.o ABSOLUTE
    tx_mutex_delete.c                        0x00000000   Number         0  tx_mutex_delete.o ABSOLUTE
    tx_mutex_get.c                           0x00000000   Number         0  tx_mutex_get.o ABSOLUTE
    tx_mutex_info_get.c                      0x00000000   Number         0  tx_mutex_info_get.o ABSOLUTE
    tx_mutex_initialize.c                    0x00000000   Number         0  tx_mutex_initialize.o ABSOLUTE
    tx_mutex_performance_info_get.c          0x00000000   Number         0  tx_mutex_performance_info_get.o ABSOLUTE
    tx_mutex_performance_system_info_get.c   0x00000000   Number         0  tx_mutex_performance_system_info_get.o ABSOLUTE
    tx_mutex_prioritize.c                    0x00000000   Number         0  tx_mutex_prioritize.o ABSOLUTE
    tx_mutex_priority_change.c               0x00000000   Number         0  tx_mutex_priority_change.o ABSOLUTE
    tx_mutex_put.c                           0x00000000   Number         0  tx_mutex_put.o ABSOLUTE
    tx_queue_cleanup.c                       0x00000000   Number         0  tx_queue_cleanup.o ABSOLUTE
    tx_queue_create.c                        0x00000000   Number         0  tx_queue_create.o ABSOLUTE
    tx_queue_delete.c                        0x00000000   Number         0  tx_queue_delete.o ABSOLUTE
    tx_queue_flush.c                         0x00000000   Number         0  tx_queue_flush.o ABSOLUTE
    tx_queue_front_send.c                    0x00000000   Number         0  tx_queue_front_send.o ABSOLUTE
    tx_queue_info_get.c                      0x00000000   Number         0  tx_queue_info_get.o ABSOLUTE
    tx_queue_initialize.c                    0x00000000   Number         0  tx_queue_initialize.o ABSOLUTE
    tx_queue_performance_info_get.c          0x00000000   Number         0  tx_queue_performance_info_get.o ABSOLUTE
    tx_queue_performance_system_info_get.c   0x00000000   Number         0  tx_queue_performance_system_info_get.o ABSOLUTE
    tx_queue_prioritize.c                    0x00000000   Number         0  tx_queue_prioritize.o ABSOLUTE
    tx_queue_receive.c                       0x00000000   Number         0  tx_queue_receive.o ABSOLUTE
    tx_queue_send.c                          0x00000000   Number         0  tx_queue_send.o ABSOLUTE
    tx_queue_send_notify.c                   0x00000000   Number         0  tx_queue_send_notify.o ABSOLUTE
    tx_semaphore_ceiling_put.c               0x00000000   Number         0  tx_semaphore_ceiling_put.o ABSOLUTE
    tx_semaphore_cleanup.c                   0x00000000   Number         0  tx_semaphore_cleanup.o ABSOLUTE
    tx_semaphore_create.c                    0x00000000   Number         0  tx_semaphore_create.o ABSOLUTE
    tx_semaphore_delete.c                    0x00000000   Number         0  tx_semaphore_delete.o ABSOLUTE
    tx_semaphore_get.c                       0x00000000   Number         0  tx_semaphore_get.o ABSOLUTE
    tx_semaphore_info_get.c                  0x00000000   Number         0  tx_semaphore_info_get.o ABSOLUTE
    tx_semaphore_initialize.c                0x00000000   Number         0  tx_semaphore_initialize.o ABSOLUTE
    tx_semaphore_performance_info_get.c      0x00000000   Number         0  tx_semaphore_performance_info_get.o ABSOLUTE
    tx_semaphore_performance_system_info_get.c 0x00000000   Number         0  tx_semaphore_performance_system_info_get.o ABSOLUTE
    tx_semaphore_prioritize.c                0x00000000   Number         0  tx_semaphore_prioritize.o ABSOLUTE
    tx_semaphore_put.c                       0x00000000   Number         0  tx_semaphore_put.o ABSOLUTE
    tx_semaphore_put_notify.c                0x00000000   Number         0  tx_semaphore_put_notify.o ABSOLUTE
    tx_thread_create.c                       0x00000000   Number         0  tx_thread_create.o ABSOLUTE
    tx_thread_delete.c                       0x00000000   Number         0  tx_thread_delete.o ABSOLUTE
    tx_thread_entry_exit_notify.c            0x00000000   Number         0  tx_thread_entry_exit_notify.o ABSOLUTE
    tx_thread_identify.c                     0x00000000   Number         0  tx_thread_identify.o ABSOLUTE
    tx_thread_info_get.c                     0x00000000   Number         0  tx_thread_info_get.o ABSOLUTE
    tx_thread_initialize.c                   0x00000000   Number         0  tx_thread_initialize.o ABSOLUTE
    tx_thread_performance_info_get.c         0x00000000   Number         0  tx_thread_performance_info_get.o ABSOLUTE
    tx_thread_performance_system_info_get.c  0x00000000   Number         0  tx_thread_performance_system_info_get.o ABSOLUTE
    tx_thread_preemption_change.c            0x00000000   Number         0  tx_thread_preemption_change.o ABSOLUTE
    tx_thread_priority_change.c              0x00000000   Number         0  tx_thread_priority_change.o ABSOLUTE
    tx_thread_relinquish.c                   0x00000000   Number         0  tx_thread_relinquish.o ABSOLUTE
    tx_thread_reset.c                        0x00000000   Number         0  tx_thread_reset.o ABSOLUTE
    tx_thread_resume.c                       0x00000000   Number         0  tx_thread_resume.o ABSOLUTE
    tx_thread_shell_entry.c                  0x00000000   Number         0  tx_thread_shell_entry.o ABSOLUTE
    tx_thread_sleep.c                        0x00000000   Number         0  tx_thread_sleep.o ABSOLUTE
    tx_thread_stack_analyze.c                0x00000000   Number         0  tx_thread_stack_analyze.o ABSOLUTE
    tx_thread_stack_error_handler.c          0x00000000   Number         0  tx_thread_stack_error_handler.o ABSOLUTE
    tx_thread_stack_error_notify.c           0x00000000   Number         0  tx_thread_stack_error_notify.o ABSOLUTE
    tx_thread_suspend.c                      0x00000000   Number         0  tx_thread_suspend.o ABSOLUTE
    tx_thread_system_preempt_check.c         0x00000000   Number         0  tx_thread_system_preempt_check.o ABSOLUTE
    tx_thread_system_resume.c                0x00000000   Number         0  tx_thread_system_resume.o ABSOLUTE
    tx_thread_system_suspend.c               0x00000000   Number         0  tx_thread_system_suspend.o ABSOLUTE
    tx_thread_terminate.c                    0x00000000   Number         0  tx_thread_terminate.o ABSOLUTE
    tx_thread_time_slice.c                   0x00000000   Number         0  tx_thread_time_slice.o ABSOLUTE
    tx_thread_time_slice_change.c            0x00000000   Number         0  tx_thread_time_slice_change.o ABSOLUTE
    tx_thread_timeout.c                      0x00000000   Number         0  tx_thread_timeout.o ABSOLUTE
    tx_thread_wait_abort.c                   0x00000000   Number         0  tx_thread_wait_abort.o ABSOLUTE
    tx_time_get.c                            0x00000000   Number         0  tx_time_get.o ABSOLUTE
    tx_time_set.c                            0x00000000   Number         0  tx_time_set.o ABSOLUTE
    tx_timer_activate.c                      0x00000000   Number         0  tx_timer_activate.o ABSOLUTE
    tx_timer_change.c                        0x00000000   Number         0  tx_timer_change.o ABSOLUTE
    tx_timer_create.c                        0x00000000   Number         0  tx_timer_create.o ABSOLUTE
    tx_timer_deactivate.c                    0x00000000   Number         0  tx_timer_deactivate.o ABSOLUTE
    tx_timer_delete.c                        0x00000000   Number         0  tx_timer_delete.o ABSOLUTE
    tx_timer_expiration_process.c            0x00000000   Number         0  tx_timer_expiration_process.o ABSOLUTE
    tx_timer_info_get.c                      0x00000000   Number         0  tx_timer_info_get.o ABSOLUTE
    tx_timer_initialize.c                    0x00000000   Number         0  tx_timer_initialize.o ABSOLUTE
    tx_timer_performance_info_get.c          0x00000000   Number         0  tx_timer_performance_info_get.o ABSOLUTE
    tx_timer_performance_system_info_get.c   0x00000000   Number         0  tx_timer_performance_system_info_get.o ABSOLUTE
    tx_timer_system_activate.c               0x00000000   Number         0  tx_timer_system_activate.o ABSOLUTE
    tx_timer_system_deactivate.c             0x00000000   Number         0  tx_timer_system_deactivate.o ABSOLUTE
    tx_timer_thread_entry.c                  0x00000000   Number         0  tx_timer_thread_entry.o ABSOLUTE
    tx_trace_buffer_full_notify.c            0x00000000   Number         0  tx_trace_buffer_full_notify.o ABSOLUTE
    tx_trace_disable.c                       0x00000000   Number         0  tx_trace_disable.o ABSOLUTE
    tx_trace_enable.c                        0x00000000   Number         0  tx_trace_enable.o ABSOLUTE
    tx_trace_event_filter.c                  0x00000000   Number         0  tx_trace_event_filter.o ABSOLUTE
    tx_trace_event_unfilter.c                0x00000000   Number         0  tx_trace_event_unfilter.o ABSOLUTE
    tx_trace_initialize.c                    0x00000000   Number         0  tx_trace_initialize.o ABSOLUTE
    tx_trace_interrupt_control.c             0x00000000   Number         0  tx_trace_interrupt_control.o ABSOLUTE
    tx_trace_isr_enter_insert.c              0x00000000   Number         0  tx_trace_isr_enter_insert.o ABSOLUTE
    tx_trace_isr_exit_insert.c               0x00000000   Number         0  tx_trace_isr_exit_insert.o ABSOLUTE
    tx_trace_object_register.c               0x00000000   Number         0  tx_trace_object_register.o ABSOLUTE
    tx_trace_object_unregister.c             0x00000000   Number         0  tx_trace_object_unregister.o ABSOLUTE
    tx_trace_user_event_insert.c             0x00000000   Number         0  tx_trace_user_event_insert.o ABSOLUTE
    txe_block_allocate.c                     0x00000000   Number         0  txe_block_allocate.o ABSOLUTE
    txe_block_pool_create.c                  0x00000000   Number         0  txe_block_pool_create.o ABSOLUTE
    txe_block_pool_delete.c                  0x00000000   Number         0  txe_block_pool_delete.o ABSOLUTE
    txe_block_pool_info_get.c                0x00000000   Number         0  txe_block_pool_info_get.o ABSOLUTE
    txe_block_pool_prioritize.c              0x00000000   Number         0  txe_block_pool_prioritize.o ABSOLUTE
    txe_block_release.c                      0x00000000   Number         0  txe_block_release.o ABSOLUTE
    txe_byte_allocate.c                      0x00000000   Number         0  txe_byte_allocate.o ABSOLUTE
    txe_byte_pool_create.c                   0x00000000   Number         0  txe_byte_pool_create.o ABSOLUTE
    txe_byte_pool_delete.c                   0x00000000   Number         0  txe_byte_pool_delete.o ABSOLUTE
    txe_byte_pool_info_get.c                 0x00000000   Number         0  txe_byte_pool_info_get.o ABSOLUTE
    txe_byte_pool_prioritize.c               0x00000000   Number         0  txe_byte_pool_prioritize.o ABSOLUTE
    txe_byte_release.c                       0x00000000   Number         0  txe_byte_release.o ABSOLUTE
    txe_event_flags_create.c                 0x00000000   Number         0  txe_event_flags_create.o ABSOLUTE
    txe_event_flags_delete.c                 0x00000000   Number         0  txe_event_flags_delete.o ABSOLUTE
    txe_event_flags_get.c                    0x00000000   Number         0  txe_event_flags_get.o ABSOLUTE
    txe_event_flags_info_get.c               0x00000000   Number         0  txe_event_flags_info_get.o ABSOLUTE
    txe_event_flags_set.c                    0x00000000   Number         0  txe_event_flags_set.o ABSOLUTE
    txe_event_flags_set_notify.c             0x00000000   Number         0  txe_event_flags_set_notify.o ABSOLUTE
    txe_mutex_create.c                       0x00000000   Number         0  txe_mutex_create.o ABSOLUTE
    txe_mutex_delete.c                       0x00000000   Number         0  txe_mutex_delete.o ABSOLUTE
    txe_mutex_get.c                          0x00000000   Number         0  txe_mutex_get.o ABSOLUTE
    txe_mutex_info_get.c                     0x00000000   Number         0  txe_mutex_info_get.o ABSOLUTE
    txe_mutex_prioritize.c                   0x00000000   Number         0  txe_mutex_prioritize.o ABSOLUTE
    txe_mutex_put.c                          0x00000000   Number         0  txe_mutex_put.o ABSOLUTE
    txe_queue_create.c                       0x00000000   Number         0  txe_queue_create.o ABSOLUTE
    txe_queue_delete.c                       0x00000000   Number         0  txe_queue_delete.o ABSOLUTE
    txe_queue_flush.c                        0x00000000   Number         0  txe_queue_flush.o ABSOLUTE
    txe_queue_front_send.c                   0x00000000   Number         0  txe_queue_front_send.o ABSOLUTE
    txe_queue_info_get.c                     0x00000000   Number         0  txe_queue_info_get.o ABSOLUTE
    txe_queue_prioritize.c                   0x00000000   Number         0  txe_queue_prioritize.o ABSOLUTE
    txe_queue_receive.c                      0x00000000   Number         0  txe_queue_receive.o ABSOLUTE
    txe_queue_send.c                         0x00000000   Number         0  txe_queue_send.o ABSOLUTE
    txe_queue_send_notify.c                  0x00000000   Number         0  txe_queue_send_notify.o ABSOLUTE
    txe_semaphore_ceiling_put.c              0x00000000   Number         0  txe_semaphore_ceiling_put.o ABSOLUTE
    txe_semaphore_create.c                   0x00000000   Number         0  txe_semaphore_create.o ABSOLUTE
    txe_semaphore_delete.c                   0x00000000   Number         0  txe_semaphore_delete.o ABSOLUTE
    txe_semaphore_get.c                      0x00000000   Number         0  txe_semaphore_get.o ABSOLUTE
    txe_semaphore_info_get.c                 0x00000000   Number         0  txe_semaphore_info_get.o ABSOLUTE
    txe_semaphore_prioritize.c               0x00000000   Number         0  txe_semaphore_prioritize.o ABSOLUTE
    txe_semaphore_put.c                      0x00000000   Number         0  txe_semaphore_put.o ABSOLUTE
    txe_semaphore_put_notify.c               0x00000000   Number         0  txe_semaphore_put_notify.o ABSOLUTE
    txe_thread_create.c                      0x00000000   Number         0  txe_thread_create.o ABSOLUTE
    txe_thread_delete.c                      0x00000000   Number         0  txe_thread_delete.o ABSOLUTE
    txe_thread_entry_exit_notify.c           0x00000000   Number         0  txe_thread_entry_exit_notify.o ABSOLUTE
    txe_thread_info_get.c                    0x00000000   Number         0  txe_thread_info_get.o ABSOLUTE
    txe_thread_preemption_change.c           0x00000000   Number         0  txe_thread_preemption_change.o ABSOLUTE
    txe_thread_priority_change.c             0x00000000   Number         0  txe_thread_priority_change.o ABSOLUTE
    txe_thread_relinquish.c                  0x00000000   Number         0  txe_thread_relinquish.o ABSOLUTE
    txe_thread_reset.c                       0x00000000   Number         0  txe_thread_reset.o ABSOLUTE
    txe_thread_resume.c                      0x00000000   Number         0  txe_thread_resume.o ABSOLUTE
    txe_thread_suspend.c                     0x00000000   Number         0  txe_thread_suspend.o ABSOLUTE
    txe_thread_terminate.c                   0x00000000   Number         0  txe_thread_terminate.o ABSOLUTE
    txe_thread_time_slice_change.c           0x00000000   Number         0  txe_thread_time_slice_change.o ABSOLUTE
    txe_thread_wait_abort.c                  0x00000000   Number         0  txe_thread_wait_abort.o ABSOLUTE
    txe_timer_activate.c                     0x00000000   Number         0  txe_timer_activate.o ABSOLUTE
    txe_timer_change.c                       0x00000000   Number         0  txe_timer_change.o ABSOLUTE
    txe_timer_create.c                       0x00000000   Number         0  txe_timer_create.o ABSOLUTE
    txe_timer_deactivate.c                   0x00000000   Number         0  txe_timer_deactivate.o ABSOLUTE
    txe_timer_delete.c                       0x00000000   Number         0  txe_timer_delete.o ABSOLUTE
    txe_timer_info_get.c                     0x00000000   Number         0  txe_timer_info_get.o ABSOLUTE
    usart.c                                  0x00000000   Number         0  usart.o ABSOLUTE
    SYSTICK_CYCLES                           0x0001387f   Number         0  tx_initialize_low_level_sample.o ABSOLUTE
    SYSTEM_CLOCK                             0x007a1200   Number         0  tx_initialize_low_level_sample.o ABSOLUTE
    RESET                                    0x08000000   Section      304  startup_stm32f103xe.o(RESET)
    .ARM.Collect$$$$00000000                 0x08000130   Section        0  entry.o(.ARM.Collect$$$$00000000)
    .ARM.Collect$$$$00000001                 0x08000130   Section        4  entry2.o(.ARM.Collect$$$$00000001)
    .ARM.Collect$$$$00000004                 0x08000134   Section        4  entry5.o(.ARM.Collect$$$$00000004)
    .ARM.Collect$$$$00000008                 0x08000138   Section        0  entry7b.o(.ARM.Collect$$$$00000008)
    .ARM.Collect$$$$0000000A                 0x08000138   Section        0  entry8b.o(.ARM.Collect$$$$0000000A)
    .ARM.Collect$$$$0000000B                 0x08000138   Section        8  entry9a.o(.ARM.Collect$$$$0000000B)
    __lit__00000000                          0x08000140   Data           4  entry2.o(.ARM.Collect$$$$00002712)
    .ARM.Collect$$$$0000000D                 0x08000140   Section        0  entry10a.o(.ARM.Collect$$$$0000000D)
    .ARM.Collect$$$$0000000F                 0x08000140   Section        0  entry11a.o(.ARM.Collect$$$$0000000F)
    .ARM.Collect$$$$00002712                 0x08000140   Section        4  entry2.o(.ARM.Collect$$$$00002712)
    .text                                    0x08000144   Section       36  startup_stm32f103xe.o(.text)
    [Anonymous Symbol]                       0x08000170   Section        0  tx_initialize_low_level_sample.o(.text)
    [Anonymous Symbol]                       0x08000210   Section        0  tx_thread_schedule.o(.text)
    __tx_wait_here                           0x0800022e   Number         0  tx_thread_schedule.o(.text)
    __tx_ts_handler                          0x08000230   Number         0  tx_thread_schedule.o(.text)
    __tx_ts_new                              0x08000258   Number         0  tx_thread_schedule.o(.text)
    __tx_ts_restore                          0x08000262   Number         0  tx_thread_schedule.o(.text)
    __tx_ts_wait                             0x08000282   Number         0  tx_thread_schedule.o(.text)
    __tx_ts_ready                            0x0800028e   Number         0  tx_thread_schedule.o(.text)
    [Anonymous Symbol]                       0x080002c0   Section        0  tx_thread_stack_build.o(.text)
    [Anonymous Symbol]                       0x08000310   Section        0  tx_timer_interrupt.o(.text)
    __tx_timer_no_time_slice                 0x08000334   Number         0  tx_timer_interrupt.o(.text)
    __tx_timer_no_timer                      0x08000348   Number         0  tx_timer_interrupt.o(.text)
    __tx_timer_skip_wrap                     0x08000358   Number         0  tx_timer_interrupt.o(.text)
    __tx_timer_done                          0x0800035a   Number         0  tx_timer_interrupt.o(.text)
    __tx_something_expired                   0x0800036a   Number         0  tx_timer_interrupt.o(.text)
    __tx_timer_dont_activate                 0x0800037a   Number         0  tx_timer_interrupt.o(.text)
    __tx_timer_not_ts_expiration             0x080003a0   Number         0  tx_timer_interrupt.o(.text)
    __tx_timer_skip_time_slice               0x080003a0   Number         0  tx_timer_interrupt.o(.text)
    __tx_timer_nothing_expired               0x080003a4   Number         0  tx_timer_interrupt.o(.text)
    .text                                    0x080003e8   Section        0  memseta.o(.text)
    .text                                    0x0800040c   Section       36  init.o(.text)
    [Anonymous Symbol]                       0x08000430   Section        0  stm32f1xx_hal_adc.o(.text.ADC_ConversionStop_Disable)
    .text                                    0x08000430   Section        0  semi.o(.text)
    .text                                    0x08000430   Section        0  iusesemip.o(.text)
    [Anonymous Symbol]                       0x08000478   Section        0  stm32f1xx_it.o(.text.BusFault_Handler)
    [Anonymous Symbol]                       0x0800047c   Section        0  stm32f1xx_it.o(.text.DMA1_Channel5_IRQHandler)
    [Anonymous Symbol]                       0x0800048c   Section        0  stm32f1xx_it.o(.text.DebugMon_Handler)
    [Anonymous Symbol]                       0x08000490   Section        0  main.o(.text.Error_Handler)
    [Anonymous Symbol]                       0x08000494   Section        0  stm32f1xx_hal_adc.o(.text.HAL_ADC_ConfigChannel)
    [Anonymous Symbol]                       0x080005a0   Section        0  stm32f1xx_hal_adc.o(.text.HAL_ADC_Init)
    [Anonymous Symbol]                       0x080006e0   Section        0  adc.o(.text.HAL_ADC_MspInit)
    [Anonymous Symbol]                       0x08000748   Section        0  stm32f1xx_hal_dma.o(.text.HAL_DMA_Abort_IT)
    [Anonymous Symbol]                       0x080008a4   Section        0  stm32f1xx_hal_dma.o(.text.HAL_DMA_IRQHandler)
    [Anonymous Symbol]                       0x08000bac   Section        0  stm32f1xx_hal_dma.o(.text.HAL_DMA_Init)
    [Anonymous Symbol]                       0x08000c3c   Section        0  stm32f1xx_hal_gpio.o(.text.HAL_GPIO_Init)
    [Anonymous Symbol]                       0x08000e24   Section        0  stm32f1xx_hal_gpio.o(.text.HAL_GPIO_WritePin)
    [Anonymous Symbol]                       0x08000e30   Section        0  stm32f1xx_hal.o(.text.HAL_GetTick)
    [Anonymous Symbol]                       0x08000e3c   Section        0  stm32f1xx_hal.o(.text.HAL_Init)
    [Anonymous Symbol]                       0x08000e64   Section        0  stm32f1xx_hal.o(.text.HAL_InitTick)
    [Anonymous Symbol]                       0x08000eb4   Section        0  stm32f1xx_hal_msp.o(.text.HAL_MspInit)
    [Anonymous Symbol]                       0x08000ef8   Section        0  stm32f1xx_hal_cortex.o(.text.HAL_NVIC_EnableIRQ)
    [Anonymous Symbol]                       0x08000f00   Section        0  stm32f1xx_hal_cortex.o(.text.HAL_NVIC_SetPriority)
    [Anonymous Symbol]                       0x08000f20   Section        0  stm32f1xx_hal_cortex.o(.text.HAL_NVIC_SetPriorityGrouping)
    [Anonymous Symbol]                       0x08000f28   Section        0  stm32f1xx_hal_rcc_ex.o(.text.HAL_RCCEx_PeriphCLKConfig)
    [Anonymous Symbol]                       0x08001038   Section        0  stm32f1xx_hal_rcc.o(.text.HAL_RCC_ClockConfig)
    [Anonymous Symbol]                       0x080011a8   Section        0  stm32f1xx_hal_rcc.o(.text.HAL_RCC_GetHCLKFreq)
    [Anonymous Symbol]                       0x080011b4   Section        0  stm32f1xx_hal_rcc.o(.text.HAL_RCC_GetPCLK1Freq)
    [Anonymous Symbol]                       0x080011d8   Section        0  stm32f1xx_hal_rcc.o(.text.HAL_RCC_GetPCLK2Freq)
    [Anonymous Symbol]                       0x080011fc   Section        0  stm32f1xx_hal_rcc.o(.text.HAL_RCC_GetSysClockFreq)
    [Anonymous Symbol]                       0x0800125c   Section        0  stm32f1xx_hal_rcc.o(.text.HAL_RCC_OscConfig)
    [Anonymous Symbol]                       0x08001570   Section        0  stm32f1xx_hal_cortex.o(.text.HAL_SYSTICK_Config)
    [Anonymous Symbol]                       0x08001578   Section        0  stm32f1xx_hal_uart.o(.text.HAL_UART_ErrorCallback)
    [Anonymous Symbol]                       0x0800157c   Section        0  stm32f1xx_hal_uart.o(.text.HAL_UART_IRQHandler)
    [Anonymous Symbol]                       0x08001680   Section        0  stm32f1xx_hal_uart.o(.text.HAL_UART_Init)
    [Anonymous Symbol]                       0x080016e0   Section        0  usart.o(.text.HAL_UART_MspInit)
    [Anonymous Symbol]                       0x080017ac   Section        0  stm32f1xx_hal_uart.o(.text.HAL_UART_RxCpltCallback)
    [Anonymous Symbol]                       0x080017b0   Section        0  stm32f1xx_hal_uart.o(.text.HAL_UART_TxCpltCallback)
    [Anonymous Symbol]                       0x080017b4   Section        0  stm32f1xx_it.o(.text.HardFault_Handler)
    [Anonymous Symbol]                       0x080017b8   Section        0  adc.o(.text.MX_ADC1_Init)
    [Anonymous Symbol]                       0x08001818   Section        0  dma.o(.text.MX_DMA_Init)
    [Anonymous Symbol]                       0x0800184c   Section        0  gpio.o(.text.MX_GPIO_Init)
    [Anonymous Symbol]                       0x0800195c   Section        0  usart.o(.text.MX_USART1_UART_Init)
    [Anonymous Symbol]                       0x08001994   Section        0  stm32f1xx_it.o(.text.MemManage_Handler)
    [Anonymous Symbol]                       0x08001998   Section        0  stm32f1xx_it.o(.text.NMI_Handler)
    NVIC_EncodePriority                      0x0800199d   Thumb Code    44  stm32f1xx_hal_cortex.o(.text.NVIC_EncodePriority)
    [Anonymous Symbol]                       0x0800199c   Section        0  stm32f1xx_hal_cortex.o(.text.NVIC_EncodePriority)
    RCC_Delay                                0x080019c9   Thumb Code    44  stm32f1xx_hal_rcc.o(.text.RCC_Delay)
    [Anonymous Symbol]                       0x080019c8   Section        0  stm32f1xx_hal_rcc.o(.text.RCC_Delay)
    [Anonymous Symbol]                       0x080019f4   Section        0  stm32f1xx_it.o(.text.SVC_Handler)
    SysTick_Config                           0x080019f9   Thumb Code    46  stm32f1xx_hal_cortex.o(.text.SysTick_Config)
    [Anonymous Symbol]                       0x080019f8   Section        0  stm32f1xx_hal_cortex.o(.text.SysTick_Config)
    [Anonymous Symbol]                       0x08001a28   Section        0  main.o(.text.SystemClock_Config)
    [Anonymous Symbol]                       0x08001a84   Section        0  system_stm32f1xx.o(.text.SystemInit)
    UART_DMAAbortOnError                     0x08001ad5   Thumb Code    16  stm32f1xx_hal_uart.o(.text.UART_DMAAbortOnError)
    [Anonymous Symbol]                       0x08001ad4   Section        0  stm32f1xx_hal_uart.o(.text.UART_DMAAbortOnError)
    UART_EndRxTransfer                       0x08001ae5   Thumb Code    26  stm32f1xx_hal_uart.o(.text.UART_EndRxTransfer)
    [Anonymous Symbol]                       0x08001ae4   Section        0  stm32f1xx_hal_uart.o(.text.UART_EndRxTransfer)
    UART_EndTransmit_IT                      0x08001b01   Thumb Code    24  stm32f1xx_hal_uart.o(.text.UART_EndTransmit_IT)
    [Anonymous Symbol]                       0x08001b00   Section        0  stm32f1xx_hal_uart.o(.text.UART_EndTransmit_IT)
    UART_Receive_IT                          0x08001b19   Thumb Code   124  stm32f1xx_hal_uart.o(.text.UART_Receive_IT)
    [Anonymous Symbol]                       0x08001b18   Section        0  stm32f1xx_hal_uart.o(.text.UART_Receive_IT)
    UART_SetConfig                           0x08001b95   Thumb Code   142  stm32f1xx_hal_uart.o(.text.UART_SetConfig)
    [Anonymous Symbol]                       0x08001b94   Section        0  stm32f1xx_hal_uart.o(.text.UART_SetConfig)
    UART_Transmit_IT                         0x08001c25   Thumb Code    88  stm32f1xx_hal_uart.o(.text.UART_Transmit_IT)
    [Anonymous Symbol]                       0x08001c24   Section        0  stm32f1xx_hal_uart.o(.text.UART_Transmit_IT)
    [Anonymous Symbol]                       0x08001c7c   Section        0  stm32f1xx_it.o(.text.USART1_IRQHandler)
    [Anonymous Symbol]                       0x08001c8c   Section        0  stm32f1xx_it.o(.text.UsageFault_Handler)
    __NVIC_EnableIRQ                         0x08001c91   Thumb Code    32  stm32f1xx_hal_cortex.o(.text.__NVIC_EnableIRQ)
    [Anonymous Symbol]                       0x08001c90   Section        0  stm32f1xx_hal_cortex.o(.text.__NVIC_EnableIRQ)
    __NVIC_GetPriorityGrouping               0x08001cb1   Thumb Code    16  stm32f1xx_hal_cortex.o(.text.__NVIC_GetPriorityGrouping)
    [Anonymous Symbol]                       0x08001cb0   Section        0  stm32f1xx_hal_cortex.o(.text.__NVIC_GetPriorityGrouping)
    __NVIC_SetPriority                       0x08001cc1   Thumb Code    34  stm32f1xx_hal_cortex.o(.text.__NVIC_SetPriority)
    [Anonymous Symbol]                       0x08001cc0   Section        0  stm32f1xx_hal_cortex.o(.text.__NVIC_SetPriority)
    __NVIC_SetPriorityGrouping               0x08001ce5   Thumb Code    32  stm32f1xx_hal_cortex.o(.text.__NVIC_SetPriorityGrouping)
    [Anonymous Symbol]                       0x08001ce4   Section        0  stm32f1xx_hal_cortex.o(.text.__NVIC_SetPriorityGrouping)
    [Anonymous Symbol]                       0x08001d04   Section        0  tx_initialize_high_level.o(.text._tx_initialize_high_level)
    [Anonymous Symbol]                       0x08001d8c   Section        0  tx_initialize_kernel_enter.o(.text._tx_initialize_kernel_enter)
    [Anonymous Symbol]                       0x08001dd8   Section        0  tx_thread_create.o(.text._tx_thread_create)
    [Anonymous Symbol]                       0x08001f04   Section        0  tx_thread_initialize.o(.text._tx_thread_initialize)
    [Anonymous Symbol]                       0x08001f84   Section        0  tx_thread_shell_entry.o(.text._tx_thread_shell_entry)
    [Anonymous Symbol]                       0x08001ff4   Section        0  tx_thread_sleep.o(.text._tx_thread_sleep)
    [Anonymous Symbol]                       0x08002084   Section        0  tx_thread_system_preempt_check.o(.text._tx_thread_system_preempt_check)
    [Anonymous Symbol]                       0x080020d0   Section        0  tx_thread_system_resume.o(.text._tx_thread_system_resume)
    [Anonymous Symbol]                       0x08002220   Section        0  tx_thread_system_suspend.o(.text._tx_thread_system_suspend)
    [Anonymous Symbol]                       0x08002418   Section        0  tx_thread_time_slice.o(.text._tx_thread_time_slice)
    [Anonymous Symbol]                       0x08002488   Section        0  tx_thread_timeout.o(.text._tx_thread_timeout)
    [Anonymous Symbol]                       0x080024c0   Section        0  tx_timer_expiration_process.o(.text._tx_timer_expiration_process)
    [Anonymous Symbol]                       0x080024e8   Section        0  tx_timer_initialize.o(.text._tx_timer_initialize)
    [Anonymous Symbol]                       0x080025f8   Section        0  tx_timer_system_activate.o(.text._tx_timer_system_activate)
    [Anonymous Symbol]                       0x08002654   Section        0  tx_timer_system_deactivate.o(.text._tx_timer_system_deactivate)
    [Anonymous Symbol]                       0x08002684   Section        0  tx_timer_thread_entry.o(.text._tx_timer_thread_entry)
    [Anonymous Symbol]                       0x080027cc   Section        0  txe_thread_create.o(.text._txe_thread_create)
    [Anonymous Symbol]                       0x08002950   Section        0  main.o(.text.main)
    [Anonymous Symbol]                       0x08002970   Section        0  main.o(.text.my_thread1_entry)
    [Anonymous Symbol]                       0x080029a8   Section        0  main.o(.text.my_thread2_entry)
    [Anonymous Symbol]                       0x080029e0   Section        0  main.o(.text.tx_application_define)
    i.__scatterload_copy                     0x08002a6c   Section       14  handlers.o(i.__scatterload_copy)
    i.__scatterload_null                     0x08002a7a   Section        2  handlers.o(i.__scatterload_null)
    i.__scatterload_zeroinit                 0x08002a7c   Section       14  handlers.o(i.__scatterload_zeroinit)
    i.fputc                                  0x08002a8a   Section        0  fputc.o(i.fputc)
    i.puts                                   0x08002a9c   Section        0  puts.o(i.puts)
    .data                                    0x20000000   Section        4  stdout.o(.data)
    STACK                                    0x20000880   Section     1024  startup_stm32f103xe.o(STACK)

    Global Symbols

    Symbol Name                              Value     Ov Type        Size  Object(Section)

    BuildAttributes$$THM_ISAv4$P$D$K$B$S$PE$A:L22UL41UL21$X:L11$S22US41US21$IEEE1$IW$~IW$USESV6$~STKCKD$USESV7$~SHL$OTIME$EBA8$MICROLIB$REQ8$EABIv2 0x00000000   Number         0  anon$$obj.o ABSOLUTE
    __cpp_initialize__aeabi_                  - Undefined Weak Reference
    __cxa_finalize                            - Undefined Weak Reference
    __decompress                              - Undefined Weak Reference
    _clock_init                               - Undefined Weak Reference
    _microlib_exit                            - Undefined Weak Reference
    __Vectors_Size                           0x00000130   Number         0  startup_stm32f103xe.o ABSOLUTE
    __Vectors                                0x08000000   Data           4  startup_stm32f103xe.o(RESET)
    __Vectors_End                            0x08000130   Data           0  startup_stm32f103xe.o(RESET)
    __main                                   0x08000131   Thumb Code     0  entry.o(.ARM.Collect$$$$00000000)
    _main_stk                                0x08000131   Thumb Code     0  entry2.o(.ARM.Collect$$$$00000001)
    _main_scatterload                        0x08000135   Thumb Code     0  entry5.o(.ARM.Collect$$$$00000004)
    __main_after_scatterload                 0x08000139   Thumb Code     0  entry5.o(.ARM.Collect$$$$00000004)
    _main_clock                              0x08000139   Thumb Code     0  entry7b.o(.ARM.Collect$$$$00000008)
    _main_cpp_init                           0x08000139   Thumb Code     0  entry8b.o(.ARM.Collect$$$$0000000A)
    _main_init                               0x08000139   Thumb Code     0  entry9a.o(.ARM.Collect$$$$0000000B)
    __rt_final_cpp                           0x08000141   Thumb Code     0  entry10a.o(.ARM.Collect$$$$0000000D)
    __rt_final_exit                          0x08000141   Thumb Code     0  entry11a.o(.ARM.Collect$$$$0000000F)
    Reset_Handler                            0x08000145   Thumb Code     8  startup_stm32f103xe.o(.text)
    ADC1_2_IRQHandler                        0x0800015f   Thumb Code     0  startup_stm32f103xe.o(.text)
    ADC3_IRQHandler                          0x0800015f   Thumb Code     0  startup_stm32f103xe.o(.text)
    CAN1_RX1_IRQHandler                      0x0800015f   Thumb Code     0  startup_stm32f103xe.o(.text)
    CAN1_SCE_IRQHandler                      0x0800015f   Thumb Code     0  startup_stm32f103xe.o(.text)
    DMA1_Channel1_IRQHandler                 0x0800015f   Thumb Code     0  startup_stm32f103xe.o(.text)
    DMA1_Channel2_IRQHandler                 0x0800015f   Thumb Code     0  startup_stm32f103xe.o(.text)
    DMA1_Channel3_IRQHandler                 0x0800015f   Thumb Code     0  startup_stm32f103xe.o(.text)
    DMA1_Channel4_IRQHandler                 0x0800015f   Thumb Code     0  startup_stm32f103xe.o(.text)
    DMA1_Channel6_IRQHandler                 0x0800015f   Thumb Code     0  startup_stm32f103xe.o(.text)
    DMA1_Channel7_IRQHandler                 0x0800015f   Thumb Code     0  startup_stm32f103xe.o(.text)
    DMA2_Channel1_IRQHandler                 0x0800015f   Thumb Code     0  startup_stm32f103xe.o(.text)
    DMA2_Channel2_IRQHandler                 0x0800015f   Thumb Code     0  startup_stm32f103xe.o(.text)
    DMA2_Channel3_IRQHandler                 0x0800015f   Thumb Code     0  startup_stm32f103xe.o(.text)
    DMA2_Channel4_5_IRQHandler               0x0800015f   Thumb Code     0  startup_stm32f103xe.o(.text)
    EXTI0_IRQHandler                         0x0800015f   Thumb Code     0  startup_stm32f103xe.o(.text)
    EXTI15_10_IRQHandler                     0x0800015f   Thumb Code     0  startup_stm32f103xe.o(.text)
    EXTI1_IRQHandler                         0x0800015f   Thumb Code     0  startup_stm32f103xe.o(.text)
    EXTI2_IRQHandler                         0x0800015f   Thumb Code     0  startup_stm32f103xe.o(.text)
    EXTI3_IRQHandler                         0x0800015f   Thumb Code     0  startup_stm32f103xe.o(.text)
    EXTI4_IRQHandler                         0x0800015f   Thumb Code     0  startup_stm32f103xe.o(.text)
    EXTI9_5_IRQHandler                       0x0800015f   Thumb Code     0  startup_stm32f103xe.o(.text)
    FLASH_IRQHandler                         0x0800015f   Thumb Code     0  startup_stm32f103xe.o(.text)
    FSMC_IRQHandler                          0x0800015f   Thumb Code     0  startup_stm32f103xe.o(.text)
    I2C1_ER_IRQHandler                       0x0800015f   Thumb Code     0  startup_stm32f103xe.o(.text)
    I2C1_EV_IRQHandler                       0x0800015f   Thumb Code     0  startup_stm32f103xe.o(.text)
    I2C2_ER_IRQHandler                       0x0800015f   Thumb Code     0  startup_stm32f103xe.o(.text)
    I2C2_EV_IRQHandler                       0x0800015f   Thumb Code     0  startup_stm32f103xe.o(.text)
    PVD_IRQHandler                           0x0800015f   Thumb Code     0  startup_stm32f103xe.o(.text)
    RCC_IRQHandler                           0x0800015f   Thumb Code     0  startup_stm32f103xe.o(.text)
    RTC_Alarm_IRQHandler                     0x0800015f   Thumb Code     0  startup_stm32f103xe.o(.text)
    RTC_IRQHandler                           0x0800015f   Thumb Code     0  startup_stm32f103xe.o(.text)
    SDIO_IRQHandler                          0x0800015f   Thumb Code     0  startup_stm32f103xe.o(.text)
    SPI1_IRQHandler                          0x0800015f   Thumb Code     0  startup_stm32f103xe.o(.text)
    SPI2_IRQHandler                          0x0800015f   Thumb Code     0  startup_stm32f103xe.o(.text)
    SPI3_IRQHandler                          0x0800015f   Thumb Code     0  startup_stm32f103xe.o(.text)
    TAMPER_IRQHandler                        0x0800015f   Thumb Code     0  startup_stm32f103xe.o(.text)
    TIM1_BRK_IRQHandler                      0x0800015f   Thumb Code     0  startup_stm32f103xe.o(.text)
    TIM1_CC_IRQHandler                       0x0800015f   Thumb Code     0  startup_stm32f103xe.o(.text)
    TIM1_TRG_COM_IRQHandler                  0x0800015f   Thumb Code     0  startup_stm32f103xe.o(.text)
    TIM1_UP_IRQHandler                       0x0800015f   Thumb Code     0  startup_stm32f103xe.o(.text)
    TIM2_IRQHandler                          0x0800015f   Thumb Code     0  startup_stm32f103xe.o(.text)
    TIM3_IRQHandler                          0x0800015f   Thumb Code     0  startup_stm32f103xe.o(.text)
    TIM4_IRQHandler                          0x0800015f   Thumb Code     0  startup_stm32f103xe.o(.text)
    TIM5_IRQHandler                          0x0800015f   Thumb Code     0  startup_stm32f103xe.o(.text)
    TIM6_IRQHandler                          0x0800015f   Thumb Code     0  startup_stm32f103xe.o(.text)
    TIM7_IRQHandler                          0x0800015f   Thumb Code     0  startup_stm32f103xe.o(.text)
    TIM8_BRK_IRQHandler                      0x0800015f   Thumb Code     0  startup_stm32f103xe.o(.text)
    TIM8_CC_IRQHandler                       0x0800015f   Thumb Code     0  startup_stm32f103xe.o(.text)
    TIM8_TRG_COM_IRQHandler                  0x0800015f   Thumb Code     0  startup_stm32f103xe.o(.text)
    TIM8_UP_IRQHandler                       0x0800015f   Thumb Code     0  startup_stm32f103xe.o(.text)
    UART4_IRQHandler                         0x0800015f   Thumb Code     0  startup_stm32f103xe.o(.text)
    UART5_IRQHandler                         0x0800015f   Thumb Code     0  startup_stm32f103xe.o(.text)
    USART2_IRQHandler                        0x0800015f   Thumb Code     0  startup_stm32f103xe.o(.text)
    USART3_IRQHandler                        0x0800015f   Thumb Code     0  startup_stm32f103xe.o(.text)
    USBWakeUp_IRQHandler                     0x0800015f   Thumb Code     0  startup_stm32f103xe.o(.text)
    USB_HP_CAN1_TX_IRQHandler                0x0800015f   Thumb Code     0  startup_stm32f103xe.o(.text)
    USB_LP_CAN1_RX0_IRQHandler               0x0800015f   Thumb Code     0  startup_stm32f103xe.o(.text)
    WWDG_IRQHandler                          0x0800015f   Thumb Code     0  startup_stm32f103xe.o(.text)
    _tx_initialize_low_level                 0x08000191   Thumb Code     0  tx_initialize_low_level_sample.o(.text)
    __tx_BadHandler                          0x080001ef   Thumb Code     0  tx_initialize_low_level_sample.o(.text)
    __tx_HardfaultHandler                    0x080001f1   Thumb Code     0  tx_initialize_low_level_sample.o(.text)
    __tx_SVCallHandler                       0x080001f3   Thumb Code     0  tx_initialize_low_level_sample.o(.text)
    __tx_IntHandler                          0x080001f5   Thumb Code     0  tx_initialize_low_level_sample.o(.text)
    SysTick_Handler                          0x080001fd   Thumb Code     0  tx_initialize_low_level_sample.o(.text)
    __tx_SysTickHandler                      0x080001fd   Thumb Code     0  tx_initialize_low_level_sample.o(.text)
    __tx_NMIHandler                          0x08000209   Thumb Code     0  tx_initialize_low_level_sample.o(.text)
    __tx_DBGHandler                          0x0800020b   Thumb Code     0  tx_initialize_low_level_sample.o(.text)
    _tx_thread_schedule                      0x08000211   Thumb Code     0  tx_thread_schedule.o(.text)
    PendSV_Handler                           0x08000231   Thumb Code     0  tx_thread_schedule.o(.text)
    __tx_PendSVHandler                       0x08000231   Thumb Code     0  tx_thread_schedule.o(.text)
    _tx_thread_stack_build                   0x080002c1   Thumb Code     0  tx_thread_stack_build.o(.text)
    _tx_timer_interrupt                      0x08000311   Thumb Code     0  tx_timer_interrupt.o(.text)
    __aeabi_memset                           0x080003e9   Thumb Code    14  memseta.o(.text)
    __aeabi_memset4                          0x080003e9   Thumb Code     0  memseta.o(.text)
    __aeabi_memset8                          0x080003e9   Thumb Code     0  memseta.o(.text)
    __aeabi_memclr                           0x080003f7   Thumb Code     4  memseta.o(.text)
    __aeabi_memclr4                          0x080003f7   Thumb Code     0  memseta.o(.text)
    __aeabi_memclr8                          0x080003f7   Thumb Code     0  memseta.o(.text)
    _memset$wrapper                          0x080003fb   Thumb Code    18  memseta.o(.text)
    __scatterload                            0x0800040d   Thumb Code    28  init.o(.text)
    __scatterload_rt2                        0x0800040d   Thumb Code     0  init.o(.text)
    ADC_ConversionStop_Disable               0x08000431   Thumb Code    70  stm32f1xx_hal_adc.o(.text.ADC_ConversionStop_Disable)
    __I$use$semihosting$fputc                0x08000431   Thumb Code     0  iusesemip.o(.text)
    __semihosting_library_function           0x08000431   Thumb Code     0  semi.o(.text)
    BusFault_Handler                         0x08000479   Thumb Code     2  stm32f1xx_it.o(.text.BusFault_Handler)
    DMA1_Channel5_IRQHandler                 0x0800047d   Thumb Code    16  stm32f1xx_it.o(.text.DMA1_Channel5_IRQHandler)
    DebugMon_Handler                         0x0800048d   Thumb Code     2  stm32f1xx_it.o(.text.DebugMon_Handler)
    Error_Handler                            0x08000491   Thumb Code     2  main.o(.text.Error_Handler)
    HAL_ADC_ConfigChannel                    0x08000495   Thumb Code   266  stm32f1xx_hal_adc.o(.text.HAL_ADC_ConfigChannel)
    HAL_ADC_Init                             0x080005a1   Thumb Code   318  stm32f1xx_hal_adc.o(.text.HAL_ADC_Init)
    HAL_ADC_MspInit                          0x080006e1   Thumb Code   102  adc.o(.text.HAL_ADC_MspInit)
    HAL_DMA_Abort_IT                         0x08000749   Thumb Code   348  stm32f1xx_hal_dma.o(.text.HAL_DMA_Abort_IT)
    HAL_DMA_IRQHandler                       0x080008a5   Thumb Code   776  stm32f1xx_hal_dma.o(.text.HAL_DMA_IRQHandler)
    HAL_DMA_Init                             0x08000bad   Thumb Code   142  stm32f1xx_hal_dma.o(.text.HAL_DMA_Init)
    HAL_GPIO_Init                            0x08000c3d   Thumb Code   488  stm32f1xx_hal_gpio.o(.text.HAL_GPIO_Init)
    HAL_GPIO_WritePin                        0x08000e25   Thumb Code    10  stm32f1xx_hal_gpio.o(.text.HAL_GPIO_WritePin)
    HAL_GetTick                              0x08000e31   Thumb Code    12  stm32f1xx_hal.o(.text.HAL_GetTick)
    HAL_Init                                 0x08000e3d   Thumb Code    38  stm32f1xx_hal.o(.text.HAL_Init)
    HAL_InitTick                             0x08000e65   Thumb Code    80  stm32f1xx_hal.o(.text.HAL_InitTick)
    HAL_MspInit                              0x08000eb5   Thumb Code    66  stm32f1xx_hal_msp.o(.text.HAL_MspInit)
    HAL_NVIC_EnableIRQ                       0x08000ef9   Thumb Code     8  stm32f1xx_hal_cortex.o(.text.HAL_NVIC_EnableIRQ)
    HAL_NVIC_SetPriority                     0x08000f01   Thumb Code    30  stm32f1xx_hal_cortex.o(.text.HAL_NVIC_SetPriority)
    HAL_NVIC_SetPriorityGrouping             0x08000f21   Thumb Code     8  stm32f1xx_hal_cortex.o(.text.HAL_NVIC_SetPriorityGrouping)
    HAL_RCCEx_PeriphCLKConfig                0x08000f29   Thumb Code   270  stm32f1xx_hal_rcc_ex.o(.text.HAL_RCCEx_PeriphCLKConfig)
    HAL_RCC_ClockConfig                      0x08001039   Thumb Code   366  stm32f1xx_hal_rcc.o(.text.HAL_RCC_ClockConfig)
    HAL_RCC_GetHCLKFreq                      0x080011a9   Thumb Code    12  stm32f1xx_hal_rcc.o(.text.HAL_RCC_GetHCLKFreq)
    HAL_RCC_GetPCLK1Freq                     0x080011b5   Thumb Code    34  stm32f1xx_hal_rcc.o(.text.HAL_RCC_GetPCLK1Freq)
    HAL_RCC_GetPCLK2Freq                     0x080011d9   Thumb Code    34  stm32f1xx_hal_rcc.o(.text.HAL_RCC_GetPCLK2Freq)
    HAL_RCC_GetSysClockFreq                  0x080011fd   Thumb Code    96  stm32f1xx_hal_rcc.o(.text.HAL_RCC_GetSysClockFreq)
    HAL_RCC_OscConfig                        0x0800125d   Thumb Code   788  stm32f1xx_hal_rcc.o(.text.HAL_RCC_OscConfig)
    HAL_SYSTICK_Config                       0x08001571   Thumb Code     8  stm32f1xx_hal_cortex.o(.text.HAL_SYSTICK_Config)
    HAL_UART_ErrorCallback                   0x08001579   Thumb Code     2  stm32f1xx_hal_uart.o(.text.HAL_UART_ErrorCallback)
    HAL_UART_IRQHandler                      0x0800157d   Thumb Code   258  stm32f1xx_hal_uart.o(.text.HAL_UART_IRQHandler)
    HAL_UART_Init                            0x08001681   Thumb Code    94  stm32f1xx_hal_uart.o(.text.HAL_UART_Init)
    HAL_UART_MspInit                         0x080016e1   Thumb Code   202  usart.o(.text.HAL_UART_MspInit)
    HAL_UART_RxCpltCallback                  0x080017ad   Thumb Code     2  stm32f1xx_hal_uart.o(.text.HAL_UART_RxCpltCallback)
    HAL_UART_TxCpltCallback                  0x080017b1   Thumb Code     2  stm32f1xx_hal_uart.o(.text.HAL_UART_TxCpltCallback)
    HardFault_Handler                        0x080017b5   Thumb Code     2  stm32f1xx_it.o(.text.HardFault_Handler)
    MX_ADC1_Init                             0x080017b9   Thumb Code    94  adc.o(.text.MX_ADC1_Init)
    MX_DMA_Init                              0x08001819   Thumb Code    50  dma.o(.text.MX_DMA_Init)
    MX_GPIO_Init                             0x0800184d   Thumb Code   272  gpio.o(.text.MX_GPIO_Init)
    MX_USART1_UART_Init                      0x0800195d   Thumb Code    56  usart.o(.text.MX_USART1_UART_Init)
    MemManage_Handler                        0x08001995   Thumb Code     2  stm32f1xx_it.o(.text.MemManage_Handler)
    NMI_Handler                              0x08001999   Thumb Code     2  stm32f1xx_it.o(.text.NMI_Handler)
    SVC_Handler                              0x080019f5   Thumb Code     2  stm32f1xx_it.o(.text.SVC_Handler)
    SystemClock_Config                       0x08001a29   Thumb Code    92  main.o(.text.SystemClock_Config)
    SystemInit                               0x08001a85   Thumb Code    80  system_stm32f1xx.o(.text.SystemInit)
    USART1_IRQHandler                        0x08001c7d   Thumb Code    16  stm32f1xx_it.o(.text.USART1_IRQHandler)
    UsageFault_Handler                       0x08001c8d   Thumb Code     2  stm32f1xx_it.o(.text.UsageFault_Handler)
    _tx_initialize_high_level                0x08001d05   Thumb Code   134  tx_initialize_high_level.o(.text._tx_initialize_high_level)
    _tx_initialize_kernel_enter              0x08001d8d   Thumb Code    76  tx_initialize_kernel_enter.o(.text._tx_initialize_kernel_enter)
    _tx_thread_create                        0x08001dd9   Thumb Code   298  tx_thread_create.o(.text._tx_thread_create)
    _tx_thread_initialize                    0x08001f05   Thumb Code   128  tx_thread_initialize.o(.text._tx_thread_initialize)
    _tx_thread_shell_entry                   0x08001f85   Thumb Code   112  tx_thread_shell_entry.o(.text._tx_thread_shell_entry)
    _tx_thread_sleep                         0x08001ff5   Thumb Code   142  tx_thread_sleep.o(.text._tx_thread_sleep)
    _tx_thread_system_preempt_check          0x08002085   Thumb Code    74  tx_thread_system_preempt_check.o(.text._tx_thread_system_preempt_check)
    _tx_thread_system_resume                 0x080020d1   Thumb Code   334  tx_thread_system_resume.o(.text._tx_thread_system_resume)
    _tx_thread_system_suspend                0x08002221   Thumb Code   504  tx_thread_system_suspend.o(.text._tx_thread_system_suspend)
    _tx_thread_time_slice                    0x08002419   Thumb Code   112  tx_thread_time_slice.o(.text._tx_thread_time_slice)
    _tx_thread_timeout                       0x08002489   Thumb Code    56  tx_thread_timeout.o(.text._tx_thread_timeout)
    _tx_timer_expiration_process             0x080024c1   Thumb Code    40  tx_timer_expiration_process.o(.text._tx_timer_expiration_process)
    _tx_timer_initialize                     0x080024e9   Thumb Code   272  tx_timer_initialize.o(.text._tx_timer_initialize)
    _tx_timer_system_activate                0x080025f9   Thumb Code    90  tx_timer_system_activate.o(.text._tx_timer_system_activate)
    _tx_timer_system_deactivate              0x08002655   Thumb Code    46  tx_timer_system_deactivate.o(.text._tx_timer_system_deactivate)
    _tx_timer_thread_entry                   0x08002685   Thumb Code   328  tx_timer_thread_entry.o(.text._tx_timer_thread_entry)
    _txe_thread_create                       0x080027cd   Thumb Code   386  txe_thread_create.o(.text._txe_thread_create)
    main                                     0x08002951   Thumb Code    30  main.o(.text.main)
    my_thread1_entry                         0x08002971   Thumb Code    56  main.o(.text.my_thread1_entry)
    my_thread2_entry                         0x080029a9   Thumb Code    56  main.o(.text.my_thread2_entry)
    tx_application_define                    0x080029e1   Thumb Code   140  main.o(.text.tx_application_define)
    __scatterload_copy                       0x08002a6d   Thumb Code    14  handlers.o(i.__scatterload_copy)
    __scatterload_null                       0x08002a7b   Thumb Code     2  handlers.o(i.__scatterload_null)
    __scatterload_zeroinit                   0x08002a7d   Thumb Code    14  handlers.o(i.__scatterload_zeroinit)
    fputc                                    0x08002a8b   Thumb Code    18  fputc.o(i.fputc)
    puts                                     0x08002a9d   Thumb Code    30  puts.o(i.puts)
    AHBPrescTable                            0x08002ac0   Data          16  system_stm32f1xx.o(.rodata.AHBPrescTable)
    APBPrescTable                            0x08002ad0   Data           8  system_stm32f1xx.o(.rodata.APBPrescTable)
    Region$$Table$$Base                      0x08002ad8   Number         0  anon$$obj.o(Region$$Table)
    Region$$Table$$Limit                     0x08002af8   Number         0  anon$$obj.o(Region$$Table)
    __stdout                                 0x20000000   Data           4  stdout.o(.data)
    SystemCoreClock                          0x20000004   Data           4  system_stm32f1xx.o(.data.SystemCoreClock)
    _tx_thread_system_state                  0x20000008   Data           4  tx_thread_initialize.o(.data._tx_thread_system_state)
    uwTickFreq                               0x2000000c   Data           1  stm32f1xx_hal.o(.data.uwTickFreq)
    uwTickPrio                               0x20000010   Data           4  stm32f1xx_hal.o(.data.uwTickPrio)
    _tx_block_pool_created_count             0x20000018   Data           4  tx_initialize_high_level.o(.bss._tx_block_pool_created_count)
    _tx_block_pool_created_ptr               0x2000001c   Data           4  tx_initialize_high_level.o(.bss._tx_block_pool_created_ptr)
    _tx_build_options                        0x20000020   Data           4  tx_thread_initialize.o(.bss._tx_build_options)
    _tx_byte_pool_created_count              0x20000024   Data           4  tx_initialize_high_level.o(.bss._tx_byte_pool_created_count)
    _tx_byte_pool_created_ptr                0x20000028   Data           4  tx_initialize_high_level.o(.bss._tx_byte_pool_created_ptr)
    _tx_event_flags_created_count            0x2000002c   Data           4  tx_initialize_high_level.o(.bss._tx_event_flags_created_count)
    _tx_event_flags_created_ptr              0x20000030   Data           4  tx_initialize_high_level.o(.bss._tx_event_flags_created_ptr)
    _tx_initialize_unused_memory             0x20000034   Data           4  tx_initialize_high_level.o(.bss._tx_initialize_unused_memory)
    _tx_mutex_created_count                  0x20000038   Data           4  tx_initialize_high_level.o(.bss._tx_mutex_created_count)
    _tx_mutex_created_ptr                    0x2000003c   Data           4  tx_initialize_high_level.o(.bss._tx_mutex_created_ptr)
    _tx_queue_created_count                  0x20000040   Data           4  tx_initialize_high_level.o(.bss._tx_queue_created_count)
    _tx_queue_created_ptr                    0x20000044   Data           4  tx_initialize_high_level.o(.bss._tx_queue_created_ptr)
    _tx_semaphore_created_count              0x20000048   Data           4  tx_initialize_high_level.o(.bss._tx_semaphore_created_count)
    _tx_semaphore_created_ptr                0x2000004c   Data           4  tx_initialize_high_level.o(.bss._tx_semaphore_created_ptr)
    _tx_thread_created_count                 0x20000050   Data           4  tx_thread_initialize.o(.bss._tx_thread_created_count)
    _tx_thread_created_ptr                   0x20000054   Data           4  tx_thread_initialize.o(.bss._tx_thread_created_ptr)
    _tx_thread_current_ptr                   0x20000058   Data           4  tx_thread_initialize.o(.bss._tx_thread_current_ptr)
    _tx_thread_execute_ptr                   0x2000005c   Data           4  tx_thread_initialize.o(.bss._tx_thread_execute_ptr)
    _tx_thread_highest_priority              0x20000060   Data           4  tx_thread_initialize.o(.bss._tx_thread_highest_priority)
    _tx_thread_mutex_release                 0x20000064   Data           4  tx_thread_initialize.o(.bss._tx_thread_mutex_release)
    _tx_thread_preempt_disable               0x20000068   Data           4  tx_thread_initialize.o(.bss._tx_thread_preempt_disable)
    _tx_thread_preempted_maps                0x2000006c   Data           4  tx_thread_initialize.o(.bss._tx_thread_preempted_maps)
    _tx_thread_priority_list                 0x20000070   Data         128  tx_thread_initialize.o(.bss._tx_thread_priority_list)
    _tx_thread_priority_maps                 0x200000f0   Data           4  tx_thread_initialize.o(.bss._tx_thread_priority_maps)
    _tx_thread_system_stack_ptr              0x200000f4   Data           4  tx_thread_initialize.o(.bss._tx_thread_system_stack_ptr)
    _tx_timer_created_count                  0x200000f8   Data           4  tx_timer_initialize.o(.bss._tx_timer_created_count)
    _tx_timer_created_ptr                    0x200000fc   Data           4  tx_timer_initialize.o(.bss._tx_timer_created_ptr)
    _tx_timer_current_ptr                    0x20000100   Data           4  tx_timer_initialize.o(.bss._tx_timer_current_ptr)
    _tx_timer_expired                        0x20000104   Data           4  tx_timer_initialize.o(.bss._tx_timer_expired)
    _tx_timer_expired_time_slice             0x20000108   Data           4  tx_timer_initialize.o(.bss._tx_timer_expired_time_slice)
    _tx_timer_expired_timer_ptr              0x2000010c   Data           4  tx_timer_initialize.o(.bss._tx_timer_expired_timer_ptr)
    _tx_timer_list                           0x20000110   Data         128  tx_timer_initialize.o(.bss._tx_timer_list)
    _tx_timer_list_end                       0x20000190   Data           4  tx_timer_initialize.o(.bss._tx_timer_list_end)
    _tx_timer_list_start                     0x20000194   Data           4  tx_timer_initialize.o(.bss._tx_timer_list_start)
    _tx_timer_priority                       0x20000198   Data           4  tx_timer_initialize.o(.bss._tx_timer_priority)
    _tx_timer_stack_size                     0x2000019c   Data           4  tx_timer_initialize.o(.bss._tx_timer_stack_size)
    _tx_timer_stack_start                    0x200001a0   Data           4  tx_timer_initialize.o(.bss._tx_timer_stack_start)
    _tx_timer_system_clock                   0x200001a4   Data           4  tx_timer_initialize.o(.bss._tx_timer_system_clock)
    _tx_timer_thread                         0x200001a8   Data         180  tx_timer_initialize.o(.bss._tx_timer_thread)
    _tx_timer_thread_stack_area              0x2000025c   Data        1024  tx_timer_initialize.o(.bss._tx_timer_thread_stack_area)
    _tx_timer_time_slice                     0x2000065c   Data           4  tx_timer_initialize.o(.bss._tx_timer_time_slice)
    hadc1                                    0x20000660   Data          48  adc.o(.bss.hadc1)
    hdma_usart1_rx                           0x20000690   Data          68  usart.o(.bss.hdma_usart1_rx)
    huart1                                   0x200006d4   Data          64  usart.o(.bss.huart1)
    my_thread1                               0x20000714   Data         180  main.o(.bss.my_thread1)
    my_thread2                               0x200007c8   Data         180  main.o(.bss.my_thread2)
    uwTick                                   0x2000087c   Data           4  stm32f1xx_hal.o(.bss.uwTick)
    __initial_sp                             0x20000c80   Data           0  startup_stm32f103xe.o(STACK)



==============================================================================

Memory Map of the image

  Image Entry point : 0x08000131

  Load Region LR_IROM1 (Base: 0x08000000, Size: 0x00002b10, Max: 0x00040000, ABSOLUTE)

    Execution Region ER_IROM1 (Exec base: 0x08000000, Load base: 0x08000000, Size: 0x00002af8, Max: 0x00040000, ABSOLUTE)

    Exec Addr    Load Addr    Size         Type   Attr      Idx    E Section Name        Object

    0x08000000   0x08000000   0x00000130   Data   RO            3    RESET               startup_stm32f103xe.o
    0x08000130   0x08000130   0x00000000   Code   RO         2574  * .ARM.Collect$$$$00000000  mc_w.l(entry.o)
    0x08000130   0x08000130   0x00000004   Code   RO         2583    .ARM.Collect$$$$00000001  mc_w.l(entry2.o)
    0x08000134   0x08000134   0x00000004   Code   RO         2586    .ARM.Collect$$$$00000004  mc_w.l(entry5.o)
    0x08000138   0x08000138   0x00000000   Code   RO         2588    .ARM.Collect$$$$00000008  mc_w.l(entry7b.o)
    0x08000138   0x08000138   0x00000000   Code   RO         2590    .ARM.Collect$$$$0000000A  mc_w.l(entry8b.o)
    0x08000138   0x08000138   0x00000008   Code   RO         2591    .ARM.Collect$$$$0000000B  mc_w.l(entry9a.o)
    0x08000140   0x08000140   0x00000000   Code   RO         2593    .ARM.Collect$$$$0000000D  mc_w.l(entry10a.o)
    0x08000140   0x08000140   0x00000000   Code   RO         2595    .ARM.Collect$$$$0000000F  mc_w.l(entry11a.o)
    0x08000140   0x08000140   0x00000004   Code   RO         2584    .ARM.Collect$$$$00002712  mc_w.l(entry2.o)
    0x08000144   0x08000144   0x00000024   Code   RO            4    .text               startup_stm32f103xe.o
    0x08000168   0x08000168   0x00000008   PAD
    0x08000170   0x08000170   0x0000009c   Code   RO          745    .text               tx_initialize_low_level_sample.o
    0x0800020c   0x0800020c   0x00000004   PAD
    0x08000210   0x08000210   0x000000a4   Code   RO          765    .text               tx_thread_schedule.o
    0x080002b4   0x080002b4   0x0000000c   PAD
    0x080002c0   0x080002c0   0x00000046   Code   RO          770    .text               tx_thread_stack_build.o
    0x08000306   0x08000306   0x0000000a   PAD
    0x08000310   0x08000310   0x000000d8   Code   RO          780    .text               tx_timer_interrupt.o
    0x080003e8   0x080003e8   0x00000024   Code   RO         2581    .text               mc_w.l(memseta.o)
    0x0800040c   0x0800040c   0x00000024   Code   RO         2602    .text               mc_w.l(init.o)
    0x08000430   0x08000430   0x00000000   Code   RO         2604    .text               mc_w.l(semi.o)
    0x08000430   0x08000430   0x00000000   Code   RO         2605    .text               mc_w.l(iusesemip.o)
    0x08000430   0x08000430   0x00000046   Code   RO          135    .text.ADC_ConversionStop_Disable  stm32f1xx_hal_adc.o
    0x08000476   0x08000476   0x00000002   PAD
    0x08000478   0x08000478   0x00000002   Code   RO           89    .text.BusFault_Handler  stm32f1xx_it.o
    0x0800047a   0x0800047a   0x00000002   PAD
    0x0800047c   0x0800047c   0x00000010   Code   RO           97    .text.DMA1_Channel5_IRQHandler  stm32f1xx_it.o
    0x0800048c   0x0800048c   0x00000002   Code   RO           95    .text.DebugMon_Handler  stm32f1xx_it.o
    0x0800048e   0x0800048e   0x00000002   PAD
    0x08000490   0x08000490   0x00000002   Code   RO           21    .text.Error_Handler  main.o
    0x08000492   0x08000492   0x00000002   PAD
    0x08000494   0x08000494   0x0000010a   Code   RO          177    .text.HAL_ADC_ConfigChannel  stm32f1xx_hal_adc.o
    0x0800059e   0x0800059e   0x00000002   PAD
    0x080005a0   0x080005a0   0x0000013e   Code   RO          131    .text.HAL_ADC_Init  stm32f1xx_hal_adc.o
    0x080006de   0x080006de   0x00000002   PAD
    0x080006e0   0x080006e0   0x00000066   Code   RO           45    .text.HAL_ADC_MspInit  adc.o
    0x08000746   0x08000746   0x00000002   PAD
    0x08000748   0x08000748   0x0000015c   Code   RO          376    .text.HAL_DMA_Abort_IT  stm32f1xx_hal_dma.o
    0x080008a4   0x080008a4   0x00000308   Code   RO          380    .text.HAL_DMA_IRQHandler  stm32f1xx_hal_dma.o
    0x08000bac   0x08000bac   0x0000008e   Code   RO          364    .text.HAL_DMA_Init  stm32f1xx_hal_dma.o
    0x08000c3a   0x08000c3a   0x00000002   PAD
    0x08000c3c   0x08000c3c   0x000001e8   Code   RO          340    .text.HAL_GPIO_Init  stm32f1xx_hal_gpio.o
    0x08000e24   0x08000e24   0x0000000a   Code   RO          346    .text.HAL_GPIO_WritePin  stm32f1xx_hal_gpio.o
    0x08000e2e   0x08000e2e   0x00000002   PAD
    0x08000e30   0x08000e30   0x0000000c   Code   RO          239    .text.HAL_GetTick   stm32f1xx_hal.o
    0x08000e3c   0x08000e3c   0x00000026   Code   RO          227    .text.HAL_Init      stm32f1xx_hal.o
    0x08000e62   0x08000e62   0x00000002   PAD
    0x08000e64   0x08000e64   0x00000050   Code   RO          229    .text.HAL_InitTick  stm32f1xx_hal.o
    0x08000eb4   0x08000eb4   0x00000042   Code   RO          108    .text.HAL_MspInit   stm32f1xx_hal_msp.o
    0x08000ef6   0x08000ef6   0x00000002   PAD
    0x08000ef8   0x08000ef8   0x00000008   Code   RO          410    .text.HAL_NVIC_EnableIRQ  stm32f1xx_hal_cortex.o
    0x08000f00   0x08000f00   0x0000001e   Code   RO          402    .text.HAL_NVIC_SetPriority  stm32f1xx_hal_cortex.o
    0x08000f1e   0x08000f1e   0x00000002   PAD
    0x08000f20   0x08000f20   0x00000008   Code   RO          398    .text.HAL_NVIC_SetPriorityGrouping  stm32f1xx_hal_cortex.o
    0x08000f28   0x08000f28   0x0000010e   Code   RO          326    .text.HAL_RCCEx_PeriphCLKConfig  stm32f1xx_hal_rcc_ex.o
    0x08001036   0x08001036   0x00000002   PAD
    0x08001038   0x08001038   0x0000016e   Code   RO          294    .text.HAL_RCC_ClockConfig  stm32f1xx_hal_rcc.o
    0x080011a6   0x080011a6   0x00000002   PAD
    0x080011a8   0x080011a8   0x0000000c   Code   RO          304    .text.HAL_RCC_GetHCLKFreq  stm32f1xx_hal_rcc.o
    0x080011b4   0x080011b4   0x00000022   Code   RO          306    .text.HAL_RCC_GetPCLK1Freq  stm32f1xx_hal_rcc.o
    0x080011d6   0x080011d6   0x00000002   PAD
    0x080011d8   0x080011d8   0x00000022   Code   RO          308    .text.HAL_RCC_GetPCLK2Freq  stm32f1xx_hal_rcc.o
    0x080011fa   0x080011fa   0x00000002   PAD
    0x080011fc   0x080011fc   0x00000060   Code   RO          296    .text.HAL_RCC_GetSysClockFreq  stm32f1xx_hal_rcc.o
    0x0800125c   0x0800125c   0x00000314   Code   RO          290    .text.HAL_RCC_OscConfig  stm32f1xx_hal_rcc.o
    0x08001570   0x08001570   0x00000008   Code   RO          422    .text.HAL_SYSTICK_Config  stm32f1xx_hal_cortex.o
    0x08001578   0x08001578   0x00000002   Code   RO          695    .text.HAL_UART_ErrorCallback  stm32f1xx_hal_uart.o
    0x0800157a   0x0800157a   0x00000002   PAD
    0x0800157c   0x0800157c   0x00000102   Code   RO          689    .text.HAL_UART_IRQHandler  stm32f1xx_hal_uart.o
    0x0800167e   0x0800167e   0x00000002   PAD
    0x08001680   0x08001680   0x0000005e   Code   RO          613    .text.HAL_UART_Init  stm32f1xx_hal_uart.o
    0x080016de   0x080016de   0x00000002   PAD
    0x080016e0   0x080016e0   0x000000ca   Code   RO           69    .text.HAL_UART_MspInit  usart.o
    0x080017aa   0x080017aa   0x00000002   PAD
    0x080017ac   0x080017ac   0x00000002   Code   RO          705    .text.HAL_UART_RxCpltCallback  stm32f1xx_hal_uart.o
    0x080017ae   0x080017ae   0x00000002   PAD
    0x080017b0   0x080017b0   0x00000002   Code   RO          701    .text.HAL_UART_TxCpltCallback  stm32f1xx_hal_uart.o
    0x080017b2   0x080017b2   0x00000002   PAD
    0x080017b4   0x080017b4   0x00000002   Code   RO           85    .text.HardFault_Handler  stm32f1xx_it.o
    0x080017b6   0x080017b6   0x00000002   PAD
    0x080017b8   0x080017b8   0x0000005e   Code   RO           43    .text.MX_ADC1_Init  adc.o
    0x08001816   0x08001816   0x00000002   PAD
    0x08001818   0x08001818   0x00000032   Code   RO           58    .text.MX_DMA_Init   dma.o
    0x0800184a   0x0800184a   0x00000002   PAD
    0x0800184c   0x0800184c   0x00000110   Code   RO           34    .text.MX_GPIO_Init  gpio.o
    0x0800195c   0x0800195c   0x00000038   Code   RO           67    .text.MX_USART1_UART_Init  usart.o
    0x08001994   0x08001994   0x00000002   Code   RO           87    .text.MemManage_Handler  stm32f1xx_it.o
    0x08001996   0x08001996   0x00000002   PAD
    0x08001998   0x08001998   0x00000002   Code   RO           83    .text.NMI_Handler   stm32f1xx_it.o
    0x0800199a   0x0800199a   0x00000002   PAD
    0x0800199c   0x0800199c   0x0000002c   Code   RO          408    .text.NVIC_EncodePriority  stm32f1xx_hal_cortex.o
    0x080019c8   0x080019c8   0x0000002c   Code   RO          292    .text.RCC_Delay     stm32f1xx_hal_rcc.o
    0x080019f4   0x080019f4   0x00000002   Code   RO           93    .text.SVC_Handler   stm32f1xx_it.o
    0x080019f6   0x080019f6   0x00000002   PAD
    0x080019f8   0x080019f8   0x0000002e   Code   RO          424    .text.SysTick_Config  stm32f1xx_hal_cortex.o
    0x08001a26   0x08001a26   0x00000002   PAD
    0x08001a28   0x08001a28   0x0000005c   Code   RO           19    .text.SystemClock_Config  main.o
    0x08001a84   0x08001a84   0x00000050   Code   RO          731    .text.SystemInit    system_stm32f1xx.o
    0x08001ad4   0x08001ad4   0x00000010   Code   RO          693    .text.UART_DMAAbortOnError  stm32f1xx_hal_uart.o
    0x08001ae4   0x08001ae4   0x0000001a   Code   RO          661    .text.UART_EndRxTransfer  stm32f1xx_hal_uart.o
    0x08001afe   0x08001afe   0x00000002   PAD
    0x08001b00   0x08001b00   0x00000018   Code   RO          699    .text.UART_EndTransmit_IT  stm32f1xx_hal_uart.o
    0x08001b18   0x08001b18   0x0000007c   Code   RO          691    .text.UART_Receive_IT  stm32f1xx_hal_uart.o
    0x08001b94   0x08001b94   0x0000008e   Code   RO          617    .text.UART_SetConfig  stm32f1xx_hal_uart.o
    0x08001c22   0x08001c22   0x00000002   PAD
    0x08001c24   0x08001c24   0x00000058   Code   RO          697    .text.UART_Transmit_IT  stm32f1xx_hal_uart.o
    0x08001c7c   0x08001c7c   0x00000010   Code   RO           99    .text.USART1_IRQHandler  stm32f1xx_it.o
    0x08001c8c   0x08001c8c   0x00000002   Code   RO           91    .text.UsageFault_Handler  stm32f1xx_it.o
    0x08001c8e   0x08001c8e   0x00000002   PAD
    0x08001c90   0x08001c90   0x00000020   Code   RO          412    .text.__NVIC_EnableIRQ  stm32f1xx_hal_cortex.o
    0x08001cb0   0x08001cb0   0x00000010   Code   RO          404    .text.__NVIC_GetPriorityGrouping  stm32f1xx_hal_cortex.o
    0x08001cc0   0x08001cc0   0x00000022   Code   RO          406    .text.__NVIC_SetPriority  stm32f1xx_hal_cortex.o
    0x08001ce2   0x08001ce2   0x00000002   PAD
    0x08001ce4   0x08001ce4   0x00000020   Code   RO          400    .text.__NVIC_SetPriorityGrouping  stm32f1xx_hal_cortex.o
    0x08001d04   0x08001d04   0x00000086   Code   RO         1067    .text._tx_initialize_high_level  tx_initialize_high_level.o
    0x08001d8a   0x08001d8a   0x00000002   PAD
    0x08001d8c   0x08001d8c   0x0000004c   Code   RO         1088    .text._tx_initialize_kernel_enter  tx_initialize_kernel_enter.o
    0x08001dd8   0x08001dd8   0x0000012a   Code   RO         1515    .text._tx_thread_create  tx_thread_create.o
    0x08001f02   0x08001f02   0x00000002   PAD
    0x08001f04   0x08001f04   0x00000080   Code   RO         1561    .text._tx_thread_initialize  tx_thread_initialize.o
    0x08001f84   0x08001f84   0x00000070   Code   RO         1649    .text._tx_thread_shell_entry  tx_thread_shell_entry.o
    0x08001ff4   0x08001ff4   0x0000008e   Code   RO         1658    .text._tx_thread_sleep  tx_thread_sleep.o
    0x08002082   0x08002082   0x00000002   PAD
    0x08002084   0x08002084   0x0000004a   Code   RO         1703    .text._tx_thread_system_preempt_check  tx_thread_system_preempt_check.o
    0x080020ce   0x080020ce   0x00000002   PAD
    0x080020d0   0x080020d0   0x0000014e   Code   RO         1713    .text._tx_thread_system_resume  tx_thread_system_resume.o
    0x0800221e   0x0800221e   0x00000002   PAD
    0x08002220   0x08002220   0x000001f8   Code   RO         1722    .text._tx_thread_system_suspend  tx_thread_system_suspend.o
    0x08002418   0x08002418   0x00000070   Code   RO         1740    .text._tx_thread_time_slice  tx_thread_time_slice.o
    0x08002488   0x08002488   0x00000038   Code   RO         1759    .text._tx_thread_timeout  tx_thread_timeout.o
    0x080024c0   0x080024c0   0x00000028   Code   RO         1841    .text._tx_timer_expiration_process  tx_timer_expiration_process.o
    0x080024e8   0x080024e8   0x00000110   Code   RO         1859    .text._tx_timer_initialize  tx_timer_initialize.o
    0x080025f8   0x080025f8   0x0000005a   Code   RO         1902    .text._tx_timer_system_activate  tx_timer_system_activate.o
    0x08002652   0x08002652   0x00000002   PAD
    0x08002654   0x08002654   0x0000002e   Code   RO         1911    .text._tx_timer_system_deactivate  tx_timer_system_deactivate.o
    0x08002682   0x08002682   0x00000002   PAD
    0x08002684   0x08002684   0x00000148   Code   RO         1920    .text._tx_timer_thread_entry  tx_timer_thread_entry.o
    0x080027cc   0x080027cc   0x00000182   Code   RO         2404    .text._txe_thread_create  txe_thread_create.o
    0x0800294e   0x0800294e   0x00000002   PAD
    0x08002950   0x08002950   0x0000001e   Code   RO           17    .text.main          main.o
    0x0800296e   0x0800296e   0x00000002   PAD
    0x08002970   0x08002970   0x00000038   Code   RO           11    .text.my_thread1_entry  main.o
    0x080029a8   0x080029a8   0x00000038   Code   RO           13    .text.my_thread2_entry  main.o
    0x080029e0   0x080029e0   0x0000008c   Code   RO           15    .text.tx_application_define  main.o
    0x08002a6c   0x08002a6c   0x0000000e   Code   RO         2608    i.__scatterload_copy  mc_w.l(handlers.o)
    0x08002a7a   0x08002a7a   0x00000002   Code   RO         2609    i.__scatterload_null  mc_w.l(handlers.o)
    0x08002a7c   0x08002a7c   0x0000000e   Code   RO         2610    i.__scatterload_zeroinit  mc_w.l(handlers.o)
    0x08002a8a   0x08002a8a   0x00000012   Code   RO         2597    i.fputc             mc_w.l(fputc.o)
    0x08002a9c   0x08002a9c   0x00000024   Code   RO         2577    i.puts              mc_w.l(puts.o)
    0x08002ac0   0x08002ac0   0x00000010   Data   RO          736    .rodata.AHBPrescTable  system_stm32f1xx.o
    0x08002ad0   0x08002ad0   0x00000008   Data   RO          737    .rodata.APBPrescTable  system_stm32f1xx.o
    0x08002ad8   0x08002ad8   0x00000020   Data   RO         2607    Region$$Table       anon$$obj.o


    Execution Region RW_IRAM1 (Exec base: 0x20000000, Load base: 0x08002af8, Size: 0x00000c80, Max: 0x0000c000, ABSOLUTE)

    Exec Addr    Load Addr    Size         Type   Attr      Idx    E Section Name        Object

    0x20000000   0x08002af8   0x00000004   Data   RW         2601    .data               mc_w.l(stdout.o)
    0x20000004   0x08002afc   0x00000004   Data   RW          735    .data.SystemCoreClock  system_stm32f1xx.o
    0x20000008   0x08002b00   0x00000004   Data   RW         1564    .data._tx_thread_system_state  tx_thread_initialize.o
    0x2000000c   0x08002b04   0x00000001   Data   RW          278    .data.uwTickFreq    stm32f1xx_hal.o
    0x2000000d   0x08002b05   0x00000003   PAD
    0x20000010   0x08002b08   0x00000004   Data   RW          277    .data.uwTickPrio    stm32f1xx_hal.o
    0x20000014   0x08002b0c   0x00000004   PAD
    0x20000018        -       0x00000004   Zero   RW         1076    .bss._tx_block_pool_created_count  tx_initialize_high_level.o
    0x2000001c        -       0x00000004   Zero   RW         1075    .bss._tx_block_pool_created_ptr  tx_initialize_high_level.o
    0x20000020        -       0x00000004   Zero   RW         1576    .bss._tx_build_options  tx_thread_initialize.o
    0x20000024        -       0x00000004   Zero   RW         1078    .bss._tx_byte_pool_created_count  tx_initialize_high_level.o
    0x20000028        -       0x00000004   Zero   RW         1077    .bss._tx_byte_pool_created_ptr  tx_initialize_high_level.o
    0x2000002c        -       0x00000004   Zero   RW         1074    .bss._tx_event_flags_created_count  tx_initialize_high_level.o
    0x20000030        -       0x00000004   Zero   RW         1073    .bss._tx_event_flags_created_ptr  tx_initialize_high_level.o
    0x20000034        -       0x00000004   Zero   RW         1081    .bss._tx_initialize_unused_memory  tx_initialize_high_level.o
    0x20000038        -       0x00000004   Zero   RW         1080    .bss._tx_mutex_created_count  tx_initialize_high_level.o
    0x2000003c        -       0x00000004   Zero   RW         1079    .bss._tx_mutex_created_ptr  tx_initialize_high_level.o
    0x20000040        -       0x00000004   Zero   RW         1072    .bss._tx_queue_created_count  tx_initialize_high_level.o
    0x20000044        -       0x00000004   Zero   RW         1071    .bss._tx_queue_created_ptr  tx_initialize_high_level.o
    0x20000048        -       0x00000004   Zero   RW         1070    .bss._tx_semaphore_created_count  tx_initialize_high_level.o
    0x2000004c        -       0x00000004   Zero   RW         1069    .bss._tx_semaphore_created_ptr  tx_initialize_high_level.o
    0x20000050        -       0x00000004   Zero   RW         1573    .bss._tx_thread_created_count  tx_thread_initialize.o
    0x20000054        -       0x00000004   Zero   RW         1572    .bss._tx_thread_created_ptr  tx_thread_initialize.o
    0x20000058        -       0x00000004   Zero   RW         1566    .bss._tx_thread_current_ptr  tx_thread_initialize.o
    0x2000005c        -       0x00000004   Zero   RW         1567    .bss._tx_thread_execute_ptr  tx_thread_initialize.o
    0x20000060        -       0x00000004   Zero   RW         1570    .bss._tx_thread_highest_priority  tx_thread_initialize.o
    0x20000064        -       0x00000004   Zero   RW         1575    .bss._tx_thread_mutex_release  tx_thread_initialize.o
    0x20000068        -       0x00000004   Zero   RW         1574    .bss._tx_thread_preempt_disable  tx_thread_initialize.o
    0x2000006c        -       0x00000004   Zero   RW         1569    .bss._tx_thread_preempted_maps  tx_thread_initialize.o
    0x20000070        -       0x00000080   Zero   RW         1571    .bss._tx_thread_priority_list  tx_thread_initialize.o
    0x200000f0        -       0x00000004   Zero   RW         1568    .bss._tx_thread_priority_maps  tx_thread_initialize.o
    0x200000f4        -       0x00000004   Zero   RW         1577    .bss._tx_thread_system_stack_ptr  tx_thread_initialize.o
    0x200000f8        -       0x00000004   Zero   RW         1876    .bss._tx_timer_created_count  tx_timer_initialize.o
    0x200000fc        -       0x00000004   Zero   RW         1875    .bss._tx_timer_created_ptr  tx_timer_initialize.o
    0x20000100        -       0x00000004   Zero   RW         1868    .bss._tx_timer_current_ptr  tx_timer_initialize.o
    0x20000104        -       0x00000004   Zero   RW         1864    .bss._tx_timer_expired  tx_timer_initialize.o
    0x20000108        -       0x00000004   Zero   RW         1863    .bss._tx_timer_expired_time_slice  tx_timer_initialize.o
    0x2000010c        -       0x00000004   Zero   RW         1865    .bss._tx_timer_expired_timer_ptr  tx_timer_initialize.o
    0x20000110        -       0x00000080   Zero   RW         1866    .bss._tx_timer_list  tx_timer_initialize.o
    0x20000190        -       0x00000004   Zero   RW         1869    .bss._tx_timer_list_end  tx_timer_initialize.o
    0x20000194        -       0x00000004   Zero   RW         1867    .bss._tx_timer_list_start  tx_timer_initialize.o
    0x20000198        -       0x00000004   Zero   RW         1873    .bss._tx_timer_priority  tx_timer_initialize.o
    0x2000019c        -       0x00000004   Zero   RW         1872    .bss._tx_timer_stack_size  tx_timer_initialize.o
    0x200001a0        -       0x00000004   Zero   RW         1871    .bss._tx_timer_stack_start  tx_timer_initialize.o
    0x200001a4        -       0x00000004   Zero   RW         1861    .bss._tx_timer_system_clock  tx_timer_initialize.o
    0x200001a8        -       0x000000b4   Zero   RW         1874    .bss._tx_timer_thread  tx_timer_initialize.o
    0x2000025c        -       0x00000400   Zero   RW         1870    .bss._tx_timer_thread_stack_area  tx_timer_initialize.o
    0x2000065c        -       0x00000004   Zero   RW         1862    .bss._tx_timer_time_slice  tx_timer_initialize.o
    0x20000660        -       0x00000030   Zero   RW           49    .bss.hadc1          adc.o
    0x20000690        -       0x00000044   Zero   RW           74    .bss.hdma_usart1_rx  usart.o
    0x200006d4        -       0x00000040   Zero   RW           73    .bss.huart1         usart.o
    0x20000714        -       0x000000b4   Zero   RW           23    .bss.my_thread1     main.o
    0x200007c8        -       0x000000b4   Zero   RW           24    .bss.my_thread2     main.o
    0x2000087c        -       0x00000004   Zero   RW          279    .bss.uwTick         stm32f1xx_hal.o
    0x20000880        -       0x00000400   Zero   RW            1    STACK               startup_stm32f103xe.o


==============================================================================

Image component sizes


      Code (inc. data)   RO Data    RW Data    ZI Data      Debug   Object Name

       196          0          0          0         48       3926   adc.o
        50          0          0          0          0       2312   dma.o
       272          0          0          0          0       1591   gpio.o
       376         96          0          0        360       5029   main.o
        36          8        304          0       1024        768   startup_stm32f103xe.o
       130          0          0          5          4       6019   stm32f1xx_hal.o
       654          0          0          0          0      10767   stm32f1xx_hal_adc.o
       258          0          0          0          0       8663   stm32f1xx_hal_cortex.o
      1266          0          0          0          0       7944   stm32f1xx_hal_dma.o
       498         20          0          0          0       4402   stm32f1xx_hal_gpio.o
        66          0          0          0          0       1171   stm32f1xx_hal_msp.o
      1374         20          0          0          0       6989   stm32f1xx_hal_rcc.o
       270          0          0          0          0       3626   stm32f1xx_hal_rcc_ex.o
       778          0          0          0          0      16857   stm32f1xx_hal_uart.o
        46          0          0          0          0       1026   stm32f1xx_it.o
        80          0         24          4          0       2120   system_stm32f1xx.o
       134          0          0          0         52       6451   tx_initialize_high_level.o
        76          0          0          0          0        597   tx_initialize_kernel_enter.o
       156         32          0          0          0        742   tx_initialize_low_level_sample.o
       298          0          0          0          0       4925   tx_thread_create.o
       128          0          0          4        172       4023   tx_thread_initialize.o
       164         20          0          0          0        693   tx_thread_schedule.o
       112          0          0          0          0       3846   tx_thread_shell_entry.o
       142          0          0          0          0       4275   tx_thread_sleep.o
        70          0          0          0          0        431   tx_thread_stack_build.o
        74          0          0          0          0       4048   tx_thread_system_preempt_check.o
       334          0          0          0          0       5098   tx_thread_system_resume.o
       504          0          0          0          0       5813   tx_thread_system_suspend.o
       112          0          0          0          0       3721   tx_thread_time_slice.o
        56          0          0          0          0       3854   tx_thread_timeout.o
        40          0          0          0          0        966   tx_timer_expiration_process.o
       272         20          0          0       1384       4297   tx_timer_initialize.o
       216         60          0          0          0        816   tx_timer_interrupt.o
        90          0          0          0          0       1462   tx_timer_system_activate.o
        46          0          0          0          0       1305   tx_timer_system_deactivate.o
       328          0          0          0          0       4854   tx_timer_thread_entry.o
       386          0          0          0          0       5370   txe_thread_create.o
       258          0          0          0        132       5484   usart.o

    ----------------------------------------------------------------------
     10464        296        360         16       3180     156281   Object Totals
         0          0         32          0          0          0   (incl. Generated)
       118         20          0          3          4          0   (incl. Padding)

    ----------------------------------------------------------------------

      Code (inc. data)   RO Data    RW Data    ZI Data      Debug   Library Member Name

         0          0          0          0          0          0   entry.o
         0          0          0          0          0          0   entry10a.o
         0          0          0          0          0          0   entry11a.o
         8          4          0          0          0          0   entry2.o
         4          0          0          0          0          0   entry5.o
         0          0          0          0          0          0   entry7b.o
         0          0          0          0          0          0   entry8b.o
         8          4          0          0          0          0   entry9a.o
        18          0          0          0          0         80   fputc.o
        30          0          0          0          0          0   handlers.o
        36          8          0          0          0         68   init.o
         0          0          0          0          0          0   iusesemip.o
        36          0          0          0          0        108   memseta.o
        36          6          0          0          0         80   puts.o
         0          0          0          0          0          0   semi.o
         0          0          0          4          0          0   stdout.o

    ----------------------------------------------------------------------
       176         22          0          4          0        336   Library Totals
         0          0          0          0          0          0   (incl. Padding)

    ----------------------------------------------------------------------

      Code (inc. data)   RO Data    RW Data    ZI Data      Debug   Library Name

       176         22          0          4          0        336   mc_w.l

    ----------------------------------------------------------------------
       176         22          0          4          0        336   Library Totals

    ----------------------------------------------------------------------

==============================================================================


      Code (inc. data)   RO Data    RW Data    ZI Data      Debug   

     10640        318        360         20       3180     156205   Grand Totals
     10640        318        360         20       3180     156205   ELF Image Totals
     10640        318        360         20          0          0   ROM Totals

==============================================================================

    Total RO  Size (Code + RO Data)                11000 (  10.74kB)
    Total RW  Size (RW Data + ZI Data)              3200 (   3.13kB)
    Total ROM Size (Code + RO Data + RW Data)      11020 (  10.76kB)

==============================================================================

