###############################################################################
#
# IAR ELF Linker V3.11.1.207 for STM8                     30/Jun/2020  11:54:07
# Copyright 2010-2019 IAR Systems AB.
#
#    Output file  =  E:\NewTestTool\BD015\Debug\Exe\AE006EWP.out
#    Map file     =  E:\NewTestTool\BD015\Debug\List\AE006EWP.map
#    Command line =  
#        -f C:\Users\gxc\AppData\Local\Temp\EW40C6.tmp
#        (E:\NewTestTool\BD015\Debug\Obj\main.o
#        E:\NewTestTool\BD015\Debug\Obj\stm8s_adc1.o
#        E:\NewTestTool\BD015\Debug\Obj\stm8s_clk.o
#        E:\NewTestTool\BD015\Debug\Obj\stm8s_gpio.o
#        E:\NewTestTool\BD015\Debug\Obj\stm8s_it.o
#        E:\NewTestTool\BD015\Debug\Obj\stm8s_itc.o
#        E:\NewTestTool\BD015\Debug\Obj\stm8s_tim4.o --redirect
#        _Printf=_PrintfSmall --redirect _Scanf=_ScanfSmall --no_out_extension
#        -o E:\NewTestTool\BD015\Debug\Exe\AE006EWP.out --map
#        E:\NewTestTool\BD015\Debug\List\AE006EWP.map --config
#        D:\DevKit\IAR_For_STM8\stm8\config\lnkstm8s003f3.icf --config_def
#        _CSTACK_SIZE=0x100 --config_def _HEAP_SIZE=0x100 --entry
#        __iar_program_start --debug_lib)
#
###############################################################################

*******************************************************************************
*** RUNTIME MODEL ATTRIBUTES
***

__SystemLibrary            = DLib
__code_model               = small
__core                     = stm8
__data_model               = medium
__dlib_file_descriptor     = 0
__dlib_full_locale_support = 0
__rt_version               = 4


*******************************************************************************
*** PLACEMENT SUMMARY
***

"A0":  place at start of [0x000000-0x0000ff] { rw section .vregs };
"A1":  place at end of [0x000000-0x0003ff] { block CSTACK };
"P2":  place in [from 0x000000 to 0x0003ff] {
          block HEAP, rw section __DLIB_PERTHREAD, rw section .far.bss,
          rw section .far.data, rw section .far.noinit,
          rw section .far_func.textrw, rw section .huge.bss,
          rw section .huge.data, rw section .huge.noinit,
          rw section .huge_func.textrw, rw section .iar.dynexit,
          rw section .near.bss, rw section .near.data, rw section .near.noinit,
          rw section .near_func.textrw };
"A2":  place at start of [0x008000-0x009fff] { block INTVEC };
"P3":  place in [from 0x008000 to 0x009fff] {
          ro section __DLIB_PERTHREAD_init, ro section .far.data_init,
          ro section .far_func.textrw_init, ro section .huge.data_init,
          ro section .huge_func.textrw_init, ro section .iar.init_table,
          ro section .init_array, ro section .near.data_init,
          ro section .near.rodata, ro section .near_func.text,
          ro section .near_func.textrw_init, ro section .tiny.data_init,
          ro section .tiny.rodata_init };
"P4":  place in [from 0x008000 to 0x009fff] {
          ro section .far.rodata, ro section .far_func.text };
"P5":  place in [from 0x008000 to 0x009fff] {
          ro section .huge.rodata, ro section .huge_func.text };
do not initialize {
   rw section .eeprom.noinit, rw section .far.noinit, rw section .huge.noinit,
   rw section .near.noinit, rw section .tiny.noinit, rw section .vregs };

No sections matched the following patterns:

  ro section .far.data_init          in "P3-P5"
  ro section .far.rodata             in "P3-P5"
  ro section .far_func.text          in "P3-P5"
  ro section .far_func.textrw_init   in "P3-P5"
  ro section .huge.data_init         in "P3-P5"
  ro section .huge.rodata            in "P3-P5"
  ro section .huge_func.text         in "P3-P5"
  ro section .huge_func.textrw_init  in "P3-P5"
  ro section .iar.init_table         in "P3-P5"
  ro section .init_array             in "P3-P5"
  ro section .near.data_init         in "P3-P5"
  ro section .near.rodata            in "P3-P5"
  ro section .near_func.textrw_init  in "P3-P5"
  ro section .tiny.data_init         in "P3-P5"
  ro section .tiny.rodata_init       in "P3-P5"
  ro section __DLIB_PERTHREAD_init   in "P3-P5"
  rw section .far.bss                in "P2"
  rw section .far.data               in "P2"
  rw section .far.noinit             in "P2"
  rw section .far_func.textrw        in "P2"
  rw section .huge.bss               in "P2"
  rw section .huge.data              in "P2"
  rw section .huge.noinit            in "P2"
  rw section .huge_func.textrw       in "P2"
  rw section .iar.dynexit            in "P2"
  rw section .near.data              in "P2"
  rw section .near.noinit            in "P2"
  rw section .near_func.textrw       in "P2"
  rw section .tiny.bss               in "P1"
  rw section .tiny.data              in "P1"
  rw section .tiny.noinit            in "P1"
  rw section .tiny.rodata            in "P1"
  rw section __DLIB_PERTHREAD        in "P2"
  section .eeprom.data               in "P6-P8"
  section .eeprom.noinit             in "P6-P8"
  section .eeprom.rodata             in "P6-P8"


  Section          Kind      Address   Size  Object
  -------          ----      -------   ----  ------
"A0":                                  0x10
  .vregs           uninit   0x000000   0x10  vregs.o [4]
                          - 0x000010   0x10

"P2":                                   0x2
  .near.bss        zero     0x000010    0x2  main.o [1]
                          - 0x000012    0x2

"A1":                                 0x100
  CSTACK                    0x000300  0x100  <Block>
    CSTACK         uninit   0x000300  0x100  <Block tail>
                          - 0x000400  0x100

"A2":                                  0x80
  INTVEC                    0x008000   0x80  <Block>
    .intvec        const    0x008000   0x80  interrupt.o [4]
                          - 0x008080   0x80

"P3-P5":                              0x959
  .near_func.text  ro code  0x008080  0x247  main.o [1]
  .near_func.text  ro code  0x0082c7   0x9e  vreg_util.o [4]
  .near_func.text  ro code  0x008365   0x9b  long.o [4]
  .near_func.text  ro code  0x008400   0x8e  stm8s_gpio.o [1]
  .near_func.text  ro code  0x00848e   0x83  stm8s_adc1.o [1]
  .near_func.text  ro code  0x008511   0x6d  main.o [1]
  .near_func.text  ro code  0x00857e   0x5b  stm8s_clk.o [1]
  .near_func.text  ro code  0x0085d9   0x55  stm8s_adc1.o [1]
  .near_func.text  ro code  0x00862e   0x55  stm8s_adc1.o [1]
  .near_func.text  ro code  0x008683   0x54  stm8s_adc1.o [1]
  .near_func.text  ro code  0x0086d7   0x45  main.o [1]
  .near_func.text  ro code  0x00871c   0x3b  stm8s_adc1.o [1]
  .near_func.text  ro code  0x008757   0x3a  main.o [1]
  .near_func.text  ro code  0x008791   0x33  main.o [1]
  .near_func.text  ro code  0x0087c4   0x31  stm8s_clk.o [1]
  .near_func.text  ro code  0x0087f5   0x2f  stm8s_adc1.o [1]
  .near_func.text  ro code  0x008824   0x21  stm8s_adc1.o [1]
  .iar.init_table  const    0x008845    0x8  - Linker created -
  .near_func.text  ro code  0x00884d   0x20  main.o [1]
  .near_func.text  ro code  0x00886d   0x1f  stm8s_it.o [1]
  .near_func.text  ro code  0x00888c   0x1e  init_small.o [4]
  .near_func.text  ro code  0x0088aa   0x1a  stm8s_tim4.o [1]
  .near_func.text  ro code  0x0088c4   0x19  main.o [1]
  .near_func.text  ro code  0x0088dd   0x17  main.o [1]
  .near_func.text  ro code  0x0088f4   0x14  init.o [4]
  .near_func.text  ro code  0x008908   0x14  __dbg_xxexit.o [3]
  .near_func.text  ro code  0x00891c   0x13  stm8s_adc1.o [1]
  .near_func.text  ro code  0x00892f   0x13  cstartup.o [4]
  .near_func.text  ro code  0x008942    0xf  short.o [4]
  .near_func.text  ro code  0x008951    0xe  stm8s_adc1.o [1]
  .near_func.text  ro code  0x00895f    0xe  stm8s_tim4.o [1]
  .near_func.text  ro code  0x00896d    0xd  stm8s_tim4.o [1]
  .near_func.text  ro code  0x00897a    0xb  dc_util.o [4]
  .near_func.text  ro code  0x008985    0x9  stm8s_tim4.o [1]
  .near_func.text  ro code  0x00898e    0x8  stm8s_gpio.o [1]
  .near_func.text  ro code  0x008996    0x7  stm8s_gpio.o [1]
  .near_func.text  ro code  0x00899d    0x7  stm8s_gpio.o [1]
  .near_func.text  ro code  0x0089a4    0x7  stm8s_gpio.o [1]
  .near_func.text  ro code  0x0089ab    0x5  stm8s_adc1.o [1]
  .near_func.text  ro code  0x0089b0    0x5  cexit.o [4]
  .near_func.text  ro code  0x0089b5    0x4  stm8s_tim4.o [1]
  .near_func.text  ro code  0x0089b9    0x3  interrupt.o [4]
  .near_func.text  ro code  0x0089bc    0x3  low_level_init.o [4]
  .near_func.text  ro code  0x0089bf    0x3  exit.o [4]
  .near_func.text  ro code  0x0089c2    0x3  unhandled_exception.o [4]
  .near_func.text  ro code  0x0089c5    0x1  stm8s_it.o [1]
  .near_func.text  ro code  0x0089c6    0x1  stm8s_it.o [1]
  .near_func.text  ro code  0x0089c7    0x1  stm8s_it.o [1]
  .near_func.text  ro code  0x0089c8    0x1  stm8s_it.o [1]
  .near_func.text  ro code  0x0089c9    0x1  stm8s_it.o [1]
  .near_func.text  ro code  0x0089ca    0x1  stm8s_it.o [1]
  .near_func.text  ro code  0x0089cb    0x1  stm8s_it.o [1]
  .near_func.text  ro code  0x0089cc    0x1  stm8s_it.o [1]
  .near_func.text  ro code  0x0089cd    0x1  stm8s_it.o [1]
  .near_func.text  ro code  0x0089ce    0x1  stm8s_it.o [1]
  .near_func.text  ro code  0x0089cf    0x1  stm8s_it.o [1]
  .near_func.text  ro code  0x0089d0    0x1  stm8s_it.o [1]
  .near_func.text  ro code  0x0089d1    0x1  stm8s_it.o [1]
  .near_func.text  ro code  0x0089d2    0x1  stm8s_it.o [1]
  .near_func.text  ro code  0x0089d3    0x1  stm8s_it.o [1]
  .near_func.text  ro code  0x0089d4    0x1  stm8s_it.o [1]
  .near_func.text  ro code  0x0089d5    0x1  stm8s_it.o [1]
  .near_func.text  ro code  0x0089d6    0x1  stm8s_it.o [1]
  .near_func.text  ro code  0x0089d7    0x1  stm8s_it.o [1]
  .near_func.text  ro code  0x0089d8    0x1  __dbg_break.o [3]
                          - 0x0089d9  0x959


*******************************************************************************
*** INIT TABLE
***

          Address   Size
          -------   ----
Zero (__iar_zero_init2)
    1 destination range, total size 0x2:
          0x000010   0x2



*******************************************************************************
*** MODULE SUMMARY
***

    Module                 ro code  ro data  rw data
    ------                 -------  -------  -------
E:\NewTestTool\BD015\Debug\Obj: [1]
    main.o                     950                 2
    stm8s_adc1.o               562
    stm8s_clk.o                140
    stm8s_gpio.o               171
    stm8s_it.o                  50
    stm8s_tim4.o                66
    ------------------------------------------------
    Total:                   1 939                 2

command line: [2]
    ------------------------------------------------
    Total:

dbgstm8smd.a: [3]
    __dbg_break.o                1
    __dbg_xxexit.o              20
    ------------------------------------------------
    Total:                      21

dlstm8smn.a: [4]
    cexit.o                      5
    cstartup.o                  19
    dc_util.o                   11
    exit.o                       3
    init.o                      20
    init_small.o                30
    interrupt.o                  3      128
    long.o                     155
    low_level_init.o             3
    short.o                     15
    unhandled_exception.o        3
    vreg_util.o                158
    vregs.o                                       16
    ------------------------------------------------
    Total:                     425      128       16

    Linker created                        8      256
----------------------------------------------------
    Grand Total:             2 385      136      274


*******************************************************************************
*** ENTRY LIST
***

Entry                    Address   Size  Type      Object
-----                    -------   ----  ----      ------
.iar.init_table$$Base   0x008845          --   Gb  - Linker created -
.iar.init_table$$Limit  0x00884d          --   Gb  - Linker created -
?b0                     0x000000         Data  Gb  vregs.o [4]
?b1                     0x000001         Data  Gb  vregs.o [4]
?b10                    0x00000a         Data  Gb  vregs.o [4]
?b11                    0x00000b         Data  Gb  vregs.o [4]
?b12                    0x00000c         Data  Gb  vregs.o [4]
?b13                    0x00000d         Data  Gb  vregs.o [4]
?b14                    0x00000e         Data  Gb  vregs.o [4]
?b15                    0x00000f         Data  Gb  vregs.o [4]
?b2                     0x000002         Data  Gb  vregs.o [4]
?b3                     0x000003         Data  Gb  vregs.o [4]
?b4                     0x000004         Data  Gb  vregs.o [4]
?b5                     0x000005         Data  Gb  vregs.o [4]
?b6                     0x000006         Data  Gb  vregs.o [4]
?b7                     0x000007         Data  Gb  vregs.o [4]
?b8                     0x000008         Data  Gb  vregs.o [4]
?b9                     0x000009         Data  Gb  vregs.o [4]
?dc32_px                0x00897a         Code  Gb  dc_util.o [4]
?e0                     0x000001         Data  Gb  vregs.o [4]
?e1                     0x000005         Data  Gb  vregs.o [4]
?e2                     0x000009         Data  Gb  vregs.o [4]
?e3                     0x00000d         Data  Gb  vregs.o [4]
?epilogue_l2            0x008343         Code  Gb  vreg_util.o [4]
?epilogue_w4            0x008347         Code  Gb  vreg_util.o [4]
?l0                     0x000000         Data  Gb  vregs.o [4]
?l1                     0x000004         Data  Gb  vregs.o [4]
?l2                     0x000008         Data  Gb  vregs.o [4]
?l3                     0x00000c         Data  Gb  vregs.o [4]
?mov_e0_e2              0x00834e         Code  Gb  vreg_util.o [4]
?mov_e2_e0              0x00835b         Code  Gb  vreg_util.o [4]
?mov_l0_l2              0x00834b         Code  Gb  vreg_util.o [4]
?mov_l2_l0              0x008358         Code  Gb  vreg_util.o [4]
?mov_w1_w5              0x008351         Code  Gb  vreg_util.o [4]
?mov_w5_w1              0x00835e         Code  Gb  vreg_util.o [4]
?mul32_l0_l0_0x         0x008368         Code  Gb  long.o [4]
?mul32_l0_l0_dl         0x008365         Code  Gb  long.o [4]
?mul32_l0_l0_l1         0x008371         Code  Gb  long.o [4]
?pop_l0                 0x00831a         Code  Gb  vreg_util.o [4]
?pop_l1                 0x008325         Code  Gb  vreg_util.o [4]
?pop_l2                 0x008330         Code  Gb  vreg_util.o [4]
?pop_w4                 0x0082df         Code  Gb  vreg_util.o [4]
?push_l0                0x0082ee         Code  Gb  vreg_util.o [4]
?push_l1                0x0082f3         Code  Gb  vreg_util.o [4]
?push_l2                0x0082f8         Code  Gb  vreg_util.o [4]
?push_w4                0x0082c7         Code  Gb  vreg_util.o [4]
?sll16_x_x_4            0x00894c         Code  Gb  short.o [4]
?sll16_x_x_5            0x00894b         Code  Gb  short.o [4]
?sll16_x_x_6            0x00894a         Code  Gb  short.o [4]
?sll16_x_x_a            0x008942         Code  Gb  short.o [4]
?srl32_0x_0x_a          0x0083f2         Code  Gb  long.o [4]
?srl32_l0_l0_a          0x0083ef         Code  Gb  long.o [4]
?w0                     0x000000         Data  Gb  vregs.o [4]
?w1                     0x000002         Data  Gb  vregs.o [4]
?w2                     0x000004         Data  Gb  vregs.o [4]
?w3                     0x000006         Data  Gb  vregs.o [4]
?w4                     0x000008         Data  Gb  vregs.o [4]
?w5                     0x00000a         Data  Gb  vregs.o [4]
?w6                     0x00000c         Data  Gb  vregs.o [4]
?w7                     0x00000e         Data  Gb  vregs.o [4]
ADC1_ClearFlag          0x008683   0x54  Code  Gb  stm8s_adc1.o [1]
ADC1_Cmd                0x008951    0xe  Code  Gb  stm8s_adc1.o [1]
ADC1_ConversionConfig   0x0087f5   0x2f  Code  Gb  stm8s_adc1.o [1]
ADC1_ExternalTriggerConfig
                        0x008824   0x21  Code  Gb  stm8s_adc1.o [1]
ADC1_GetConversionValue
                        0x0085d9   0x55  Code  Gb  stm8s_adc1.o [1]
ADC1_GetFlagStatus      0x00862e   0x55  Code  Gb  stm8s_adc1.o [1]
ADC1_IRQHandler         0x0089d6    0x1  Code  Gb  stm8s_it.o [1]
ADC1_Init               0x00871c   0x3b  Code  Gb  stm8s_adc1.o [1]
ADC1_PrescalerConfig    0x00891c   0x13  Code  Gb  stm8s_adc1.o [1]
ADC1_SchmittTriggerConfig
                        0x00848e   0x83  Code  Gb  stm8s_adc1.o [1]
ADC1_StartConversion    0x0089ab    0x5  Code  Gb  stm8s_adc1.o [1]
ADC_Init                0x008757   0x3a  Code  Lc  main.o [1]
AWU_IRQHandler          0x0089c7    0x1  Code  Gb  stm8s_it.o [1]
BeepFlash               0x008791   0x33  Code  Lc  main.o [1]
CLK_Config              0x0088dd   0x17  Code  Lc  main.o [1]
CLK_IRQHandler          0x0089c8    0x1  Code  Gb  stm8s_it.o [1]
CLK_PeripheralClockConfig
                        0x00857e   0x5b  Code  Gb  stm8s_clk.o [1]
CLK_SYSCLKConfig        0x0087c4   0x31  Code  Gb  stm8s_clk.o [1]
CSTACK$$Base            0x000300          --   Gb  - Linker created -
CSTACK$$Limit           0x000400          --   Gb  - Linker created -
DelayMs                 0x00884d   0x20  Code  Lc  main.o [1]
DelayTimes              0x000010    0x2  Data  Gb  main.o [1]
EEPROM_EEC_IRQHandler   0x0089d7    0x1  Code  Gb  stm8s_it.o [1]
EXTI_PORTA_IRQHandler   0x0089c9    0x1  Code  Gb  stm8s_it.o [1]
EXTI_PORTB_IRQHandler   0x0089ca    0x1  Code  Gb  stm8s_it.o [1]
EXTI_PORTC_IRQHandler   0x0089cb    0x1  Code  Gb  stm8s_it.o [1]
EXTI_PORTD_IRQHandler   0x0089cc    0x1  Code  Gb  stm8s_it.o [1]
EXTI_PORTE_IRQHandler   0x0089cd    0x1  Code  Gb  stm8s_it.o [1]
GPIO_Conf               0x008511   0x6d  Code  Lc  main.o [1]
GPIO_Init               0x008400   0x8e  Code  Gb  stm8s_gpio.o [1]
GPIO_ReadInputPin       0x0089a4    0x7  Code  Gb  stm8s_gpio.o [1]
GPIO_WriteHigh          0x008996    0x7  Code  Gb  stm8s_gpio.o [1]
GPIO_WriteLow           0x00898e    0x8  Code  Gb  stm8s_gpio.o [1]
GPIO_WriteReverse       0x00899d    0x7  Code  Gb  stm8s_gpio.o [1]
I2C_IRQHandler          0x0089d5    0x1  Code  Gb  stm8s_it.o [1]
INTVEC$$Base            0x008000          --   Gb  - Linker created -
INTVEC$$Limit           0x008080          --   Gb  - Linker created -
ReadADCValue            0x0086d7   0x45  Code  Lc  main.o [1]
Region$$Table$$Base     0x008845          --   Gb  - Linker created -
Region$$Table$$Limit    0x00884d          --   Gb  - Linker created -
SPI_IRQHandler          0x0089ce    0x1  Code  Gb  stm8s_it.o [1]
TIM1_CAP_COM_IRQHandler
                        0x0089d0    0x1  Code  Gb  stm8s_it.o [1]
TIM1_UPD_OVF_TRG_BRK_IRQHandler
                        0x0089cf    0x1  Code  Gb  stm8s_it.o [1]
TIM2_CAP_COM_IRQHandler
                        0x0089d2    0x1  Code  Gb  stm8s_it.o [1]
TIM2_UPD_OVF_BRK_IRQHandler
                        0x0089d1    0x1  Code  Gb  stm8s_it.o [1]
TIM4_ClearFlag          0x008985    0x9  Code  Gb  stm8s_tim4.o [1]
TIM4_Cmd                0x00895f    0xe  Code  Gb  stm8s_tim4.o [1]
TIM4_INI                0x0088c4   0x19  Code  Lc  main.o [1]
TIM4_ITConfig           0x0088aa   0x1a  Code  Gb  stm8s_tim4.o [1]
TIM4_SetCounter         0x0089b5    0x4  Code  Gb  stm8s_tim4.o [1]
TIM4_TimeBaseInit       0x00896d    0xd  Code  Gb  stm8s_tim4.o [1]
TIM4_UPD_OVF_IRQHandler
                        0x00886d   0x1f  Code  Gb  stm8s_it.o [1]
TLI_IRQHandler          0x0089c6    0x1  Code  Gb  stm8s_it.o [1]
TRAP_IRQHandler         0x0089c5    0x1  Code  Gb  stm8s_it.o [1]
UART1_RX_IRQHandler     0x0089d4    0x1  Code  Gb  stm8s_it.o [1]
UART1_TX_IRQHandler     0x0089d3    0x1  Code  Gb  stm8s_it.o [1]
__DebugBreak            0x0089d8    0x1  Code  Gb  __dbg_break.o [3]
__exit                  0x008908   0x14  Code  Gb  __dbg_xxexit.o [3]
__iar_data_init2        0x0088f4   0x14  Code  Gb  init.o [4]
__iar_program_start     0x00892f         Code  Gb  cstartup.o [4]
__iar_unhandled_exception
                        0x0089c2         Code  Gb  unhandled_exception.o [4]
__iar_zero_init2        0x00888c         Code  Gb  init_small.o [4]
__intvec                0x008000         Data  Gb  interrupt.o [4]
__low_level_init        0x0089bc    0x3  Code  Gb  low_level_init.o [4]
_exit                   0x0089b0         Code  Gb  cexit.o [4]
_interrupt_1            0x0089c5         Code  Gb  stm8s_it.o [1]
_interrupt_12           0x0089ce         Code  Gb  stm8s_it.o [1]
_interrupt_13           0x0089cf         Code  Gb  stm8s_it.o [1]
_interrupt_14           0x0089d0         Code  Gb  stm8s_it.o [1]
_interrupt_15           0x0089d1         Code  Gb  stm8s_it.o [1]
_interrupt_16           0x0089d2         Code  Gb  stm8s_it.o [1]
_interrupt_19           0x0089d3         Code  Gb  stm8s_it.o [1]
_interrupt_2            0x0089c6         Code  Gb  stm8s_it.o [1]
_interrupt_20           0x0089d4         Code  Gb  stm8s_it.o [1]
_interrupt_21           0x0089d5         Code  Gb  stm8s_it.o [1]
_interrupt_24           0x0089d6         Code  Gb  stm8s_it.o [1]
_interrupt_25           0x00886d         Code  Gb  stm8s_it.o [1]
_interrupt_26           0x0089d7         Code  Gb  stm8s_it.o [1]
_interrupt_3            0x0089c7         Code  Gb  stm8s_it.o [1]
_interrupt_4            0x0089c8         Code  Gb  stm8s_it.o [1]
_interrupt_5            0x0089c9         Code  Gb  stm8s_it.o [1]
_interrupt_6            0x0089ca         Code  Gb  stm8s_it.o [1]
_interrupt_7            0x0089cb         Code  Gb  stm8s_it.o [1]
_interrupt_8            0x0089cc         Code  Gb  stm8s_it.o [1]
_interrupt_9            0x0089cd         Code  Gb  stm8s_it.o [1]
exit                    0x0089bf    0x3  Code  Gb  exit.o [4]
main                    0x008080  0x247  Code  Gb  main.o [1]


[1] = E:\NewTestTool\BD015\Debug\Obj
[2] = command line
[3] = dbgstm8smd.a
[4] = dlstm8smn.a

  2 385 bytes of readonly  code memory
    136 bytes of readonly  data memory
    274 bytes of readwrite data memory

Errors: none
Warnings: none
